  姝ｅ湪纭畾瑕佽繕鍘熺殑椤圭洰鈥?
  鎵€鏈夐」鐩潎鏄渶鏂扮殑锛屾棤娉曡繕鍘熴€?
D:\Source Code\UotanToolboxNT\UotanToolbox\Services\PageNavigationService.cs(8,25): warning CS8618: 鍦ㄩ€€鍑烘瀯閫犲嚱鏁版椂锛屼笉鍙负 null 鐨?灞炴€?"NavigationRequested" 蹇呴』鍖呭惈闈?null 鍊笺€傝鑰冭檻娣诲姞 "required" 淇グ绗︽垨灏嗚 灞炴€?澹版槑涓哄彲涓?null銆?[D:\Source Code\UotanToolboxNT\UotanToolbox\UotanToolbox.csproj]
D:\Source Code\UotanToolboxNT\UotanToolbox\Common\ViewLocator.cs(16,27): warning CS8600: 灏?null 鏂囨湰鎴栧彲鑳界殑 null 鍊艰浆鎹负涓嶅彲涓?null 绫诲瀷銆?[D:\Source Code\UotanToolboxNT\UotanToolbox\UotanToolbox.csproj]
D:\Source Code\UotanToolboxNT\UotanToolbox\Common\ViewLocator.cs(39,51): warning CS8600: 灏?null 鏂囨湰鎴栧彲鑳界殑 null 鍊艰浆鎹负涓嶅彲涓?null 绫诲瀷銆?[D:\Source Code\UotanToolboxNT\UotanToolbox\UotanToolbox.csproj]
D:\Source Code\UotanToolboxNT\UotanToolbox\Features\Advancedflash\AdvancedflashViewModel.cs(33,20): warning CS8618: 鍦ㄩ€€鍑烘瀯閫犲嚱鏁版椂锛屼笉鍙负 null 鐨?瀛楁 "command" 蹇呴』鍖呭惈闈?null 鍊笺€傝鑰冭檻娣诲姞 "required" 淇グ绗︽垨灏嗚 瀛楁 澹版槑涓哄彲涓?null銆?[D:\Source Code\UotanToolboxNT\UotanToolbox\UotanToolbox.csproj]
D:\Source Code\UotanToolboxNT\UotanToolbox\Features\Advancedflash\AdvancedflashViewModel.cs(36,20): warning CS8618: 鍦ㄩ€€鍑烘瀯閫犲嚱鏁版椂锛屼笉鍙负 null 鐨?瀛楁 "size" 蹇呴』鍖呭惈闈?null 鍊笺€傝鑰冭檻娣诲姞 "required" 淇グ绗︽垨灏嗚 瀛楁 澹版槑涓哄彲涓?null銆?[D:\Source Code\UotanToolboxNT\UotanToolbox\UotanToolbox.csproj]
D:\Source Code\UotanToolboxNT\UotanToolbox\Features\Advancedflash\AdvancedflashViewModel.cs(39,20): warning CS8618: 鍦ㄩ€€鍑烘瀯閫犲嚱鏁版椂锛屼笉鍙负 null 鐨?瀛楁 "name" 蹇呴』鍖呭惈闈?null 鍊笺€傝鑰冭檻娣诲姞 "required" 淇グ绗︽垨灏嗚 瀛楁 澹版槑涓哄彲涓?null銆?[D:\Source Code\UotanToolboxNT\UotanToolbox\UotanToolbox.csproj]
D:\Source Code\UotanToolboxNT\UotanToolbox\Features\Advancedflash\AdvancedflashViewModel.cs(42,20): warning CS8618: 鍦ㄩ€€鍑烘瀯閫犲嚱鏁版椂锛屼笉鍙负 null 鐨?瀛楁 "fileName" 蹇呴』鍖呭惈闈?null 鍊笺€傝鑰冭檻娣诲姞 "required" 淇グ绗︽垨灏嗚 瀛楁 澹版槑涓哄彲涓?null銆?[D:\Source Code\UotanToolboxNT\UotanToolbox\UotanToolbox.csproj]
D:\Source Code\UotanToolboxNT\UotanToolbox\Features\Advancedflash\AdvancedflashViewModel.cs(45,20): warning CS8618: 鍦ㄩ€€鍑烘瀯閫犲嚱鏁版椂锛屼笉鍙负 null 鐨?瀛楁 "fullFilePath" 蹇呴』鍖呭惈闈?null 鍊笺€傝鑰冭檻娣诲姞 "required" 淇グ绗︽垨灏嗚 瀛楁 澹版槑涓哄彲涓?null銆?[D:\Source Code\UotanToolboxNT\UotanToolbox\UotanToolbox.csproj]
D:\Source Code\UotanToolboxNT\UotanToolbox\Features\Appmgr\AppmgrViewModel.cs(51,84): warning CS8602: 瑙ｅ紩鐢ㄥ彲鑳藉嚭鐜扮┖寮曠敤銆?[D:\Source Code\UotanToolboxNT\UotanToolbox\UotanToolbox.csproj]
D:\Source Code\UotanToolboxNT\UotanToolbox\Features\Appmgr\AppmgrView.axaml.cs(78,60): warning CS8600: 灏?null 鏂囨湰鎴栧彲鑳界殑 null 鍊艰浆鎹负涓嶅彲涓?null 绫诲瀷銆?[D:\Source Code\UotanToolboxNT\UotanToolbox\UotanToolbox.csproj]
D:\Source Code\UotanToolboxNT\UotanToolbox\Features\Appmgr\AppmgrView.axaml.cs(82,31): warning CS8600: 灏?null 鏂囨湰鎴栧彲鑳界殑 null 鍊艰浆鎹负涓嶅彲涓?null 绫诲瀷銆?[D:\Source Code\UotanToolboxNT\UotanToolbox\UotanToolbox.csproj]
D:\Source Code\UotanToolboxNT\UotanToolbox\MainViewModel.cs(64,79): warning CS8601: 鍙兘鐨?null 寮曠敤璧嬪€笺€?[D:\Source Code\UotanToolboxNT\UotanToolbox\UotanToolbox.csproj]
D:\Source Code\UotanToolboxNT\UotanToolbox\MainViewModel.cs(55,12): warning CS8618: 鍦ㄩ€€鍑烘瀯閫犲嚱鏁版椂锛屼笉鍙负 null 鐨?瀛楁 "_customShaderFile" 蹇呴』鍖呭惈闈?null 鍊笺€傝鑰冭檻娣诲姞 "required" 淇グ绗︽垨灏嗚 瀛楁 澹版槑涓哄彲涓?null銆?[D:\Source Code\UotanToolboxNT\UotanToolbox\UotanToolbox.csproj]
D:\Source Code\UotanToolboxNT\UotanToolbox\Common\FrpHelper.cs(17,36): warning CS8618: 鍦ㄩ€€鍑烘瀯閫犲嚱鏁版椂锛屼笉鍙负 null 鐨?瀛楁 "dialogManager" 蹇呴』鍖呭惈闈?null 鍊笺€傝鑰冭檻娣诲姞 "required" 淇グ绗︽垨灏嗚 瀛楁 澹版槑涓哄彲涓?null銆?[D:\Source Code\UotanToolboxNT\UotanToolbox\UotanToolbox.csproj]
D:\Source Code\UotanToolboxNT\UotanToolbox\Features\Wiredflash\WiredflashView.axaml.cs(190,29): warning CS8600: 灏?null 鏂囨湰鎴栧彲鑳界殑 null 鍊艰浆鎹负涓嶅彲涓?null 绫诲瀷銆?[D:\Source Code\UotanToolboxNT\UotanToolbox\UotanToolbox.csproj]
D:\Source Code\UotanToolboxNT\UotanToolbox\Features\Wiredflash\WiredflashView.axaml.cs(191,78): warning CS8602: 瑙ｅ紩鐢ㄥ彲鑳藉嚭鐜扮┖寮曠敤銆?[D:\Source Code\UotanToolboxNT\UotanToolbox\UotanToolbox.csproj]
D:\Source Code\UotanToolboxNT\UotanToolbox\Features\Wiredflash\WiredflashView.axaml.cs(205,29): warning CS8600: 灏?null 鏂囨湰鎴栧彲鑳界殑 null 鍊艰浆鎹负涓嶅彲涓?null 绫诲瀷銆?[D:\Source Code\UotanToolboxNT\UotanToolbox\UotanToolbox.csproj]
D:\Source Code\UotanToolboxNT\UotanToolbox\Features\Wiredflash\WiredflashView.axaml.cs(206,78): warning CS8602: 瑙ｅ紩鐢ㄥ彲鑳藉嚭鐜扮┖寮曠敤銆?[D:\Source Code\UotanToolboxNT\UotanToolbox\UotanToolbox.csproj]
D:\Source Code\UotanToolboxNT\UotanToolbox\Features\Basicflash\BasicflashView.axaml.cs(126,25): warning CS8602: 瑙ｅ紩鐢ㄥ彲鑳藉嚭鐜扮┖寮曠敤銆?[D:\Source Code\UotanToolboxNT\UotanToolbox\UotanToolbox.csproj]
D:\Source Code\UotanToolboxNT\UotanToolbox\Common\FileHelper.cs(120,24): warning CS8603: 鍙兘杩斿洖 null 寮曠敤銆?[D:\Source Code\UotanToolboxNT\UotanToolbox\UotanToolbox.csproj]
D:\Source Code\UotanToolboxNT\UotanToolbox\Common\StringHelper.cs(368,33): warning CS8600: 灏?null 鏂囨湰鎴栧彲鑳界殑 null 鍊艰浆鎹负涓嶅彲涓?null 绫诲瀷銆?[D:\Source Code\UotanToolboxNT\UotanToolbox\UotanToolbox.csproj]
D:\Source Code\UotanToolboxNT\UotanToolbox\Features\Customizedflash\CustomizedflashView.axaml.cs(63,29): warning CS8600: 灏?null 鏂囨湰鎴栧彲鑳界殑 null 鍊艰浆鎹负涓嶅彲涓?null 绫诲瀷銆?[D:\Source Code\UotanToolboxNT\UotanToolbox\UotanToolbox.csproj]
D:\Source Code\UotanToolboxNT\UotanToolbox\Features\Customizedflash\CustomizedflashView.axaml.cs(64,78): warning CS8602: 瑙ｅ紩鐢ㄥ彲鑳藉嚭鐜扮┖寮曠敤銆?[D:\Source Code\UotanToolboxNT\UotanToolbox\UotanToolbox.csproj]
D:\Source Code\UotanToolboxNT\UotanToolbox\Common\StringHelper.cs(381,33): warning CS8600: 灏?null 鏂囨湰鎴栧彲鑳界殑 null 鍊艰浆鎹负涓嶅彲涓?null 绫诲瀷銆?[D:\Source Code\UotanToolboxNT\UotanToolbox\UotanToolbox.csproj]
D:\Source Code\UotanToolboxNT\UotanToolbox\Features\Customizedflash\FlashVbmetaDialogView.axaml.cs(30,26): warning CS8602: 瑙ｅ紩鐢ㄥ彲鑳藉嚭鐜扮┖寮曠敤銆?[D:\Source Code\UotanToolboxNT\UotanToolbox\UotanToolbox.csproj]
D:\Source Code\UotanToolboxNT\UotanToolbox\Features\Customizedflash\FlashVbmetaDialogView.axaml.cs(30,26): warning CS8600: 灏?null 鏂囨湰鎴栧彲鑳界殑 null 鍊艰浆鎹负涓嶅彲涓?null 绫诲瀷銆?[D:\Source Code\UotanToolboxNT\UotanToolbox\UotanToolbox.csproj]
D:\Source Code\UotanToolboxNT\UotanToolbox\Features\Customizedflash\FlashVbmetaDialogView.axaml.cs(31,29): warning CS8600: 灏?null 鏂囨湰鎴栧彲鑳界殑 null 鍊艰浆鎹负涓嶅彲涓?null 绫诲瀷銆?[D:\Source Code\UotanToolboxNT\UotanToolbox\UotanToolbox.csproj]
D:\Source Code\UotanToolboxNT\UotanToolbox\Features\Customizedflash\FlashVbmetaDialogView.axaml.cs(32,78): warning CS8602: 瑙ｅ紩鐢ㄥ彲鑳藉嚭鐜扮┖寮曠敤銆?[D:\Source Code\UotanToolboxNT\UotanToolbox\UotanToolbox.csproj]
D:\Source Code\UotanToolboxNT\UotanToolbox\Features\Customizedflash\FlashVbmetaDialogView.axaml.cs(45,27): warning CS8602: 瑙ｅ紩鐢ㄥ彲鑳藉嚭鐜扮┖寮曠敤銆?[D:\Source Code\UotanToolboxNT\UotanToolbox\UotanToolbox.csproj]
D:\Source Code\UotanToolboxNT\UotanToolbox\Features\Filemgr\FilemgrViewModel.cs(661,19): warning CS8618: 鍦ㄩ€€鍑烘瀯閫犲嚱鏁版椂锛屼笉鍙负 null 鐨?灞炴€?"Name" 蹇呴』鍖呭惈闈?null 鍊笺€傝鑰冭檻娣诲姞 "required" 淇グ绗︽垨灏嗚 灞炴€?澹版槑涓哄彲涓?null銆?[D:\Source Code\UotanToolboxNT\UotanToolbox\UotanToolbox.csproj]
D:\Source Code\UotanToolboxNT\UotanToolbox\Features\Filemgr\FilemgrViewModel.cs(667,19): warning CS8618: 鍦ㄩ€€鍑烘瀯閫犲嚱鏁版椂锛屼笉鍙负 null 鐨?灞炴€?"Path" 蹇呴』鍖呭惈闈?null 鍊笺€傝鑰冭檻娣诲姞 "required" 淇グ绗︽垨灏嗚 灞炴€?澹版槑涓哄彲涓?null銆?[D:\Source Code\UotanToolboxNT\UotanToolbox\UotanToolbox.csproj]
D:\Source Code\UotanToolboxNT\UotanToolbox\Features\Basicflash\BasicflashView.axaml.cs(336,87): warning CS8604: 鈥淭ask<string> BasicflashView.Fastboot(string deviceId, string cmd)鈥濅腑鐨勫舰鍙傗€渃md鈥濆彲鑳戒紶鍏?null 寮曠敤瀹炲弬銆?[D:\Source Code\UotanToolboxNT\UotanToolbox\UotanToolbox.csproj]
D:\Source Code\UotanToolboxNT\UotanToolbox\Features\Customizedflash\CustomizedflashView.axaml.cs(127,29): warning CS8600: 灏?null 鏂囨湰鎴栧彲鑳界殑 null 鍊艰浆鎹负涓嶅彲涓?null 绫诲瀷銆?[D:\Source Code\UotanToolboxNT\UotanToolbox\UotanToolbox.csproj]
D:\Source Code\UotanToolboxNT\UotanToolbox\Features\Customizedflash\CustomizedflashView.axaml.cs(128,78): warning CS8602: 瑙ｅ紩鐢ㄥ彲鑳藉嚭鐜扮┖寮曠敤銆?[D:\Source Code\UotanToolboxNT\UotanToolbox\UotanToolbox.csproj]
D:\Source Code\UotanToolboxNT\UotanToolbox\Features\Filemgr\FilemgrViewModel.cs(94,12): warning CS8618: 鍦ㄩ€€鍑烘瀯閫犲嚱鏁版椂锛屼笉鍙负 null 鐨?瀛楁 "_selectedFile" 蹇呴』鍖呭惈闈?null 鍊笺€傝鑰冭檻娣诲姞 "required" 淇グ绗︽垨灏嗚 瀛楁 澹版槑涓哄彲涓?null銆?[D:\Source Code\UotanToolboxNT\UotanToolbox\UotanToolbox.csproj]
D:\Source Code\UotanToolboxNT\UotanToolbox\Features\Customizedflash\FlashVbmetaDialogView.axaml.cs(58,9): warning CS8602: 瑙ｅ紩鐢ㄥ彲鑳藉嚭鐜扮┖寮曠敤銆?[D:\Source Code\UotanToolboxNT\UotanToolbox\UotanToolbox.csproj]
D:\Source Code\UotanToolboxNT\UotanToolbox\Features\Basicflash\BasicflashView.axaml.cs(382,29): warning CS8600: 灏?null 鏂囨湰鎴栧彲鑳界殑 null 鍊艰浆鎹负涓嶅彲涓?null 绫诲瀷銆?[D:\Source Code\UotanToolboxNT\UotanToolbox\UotanToolbox.csproj]
D:\Source Code\UotanToolboxNT\UotanToolbox\Features\Basicflash\BasicflashView.axaml.cs(383,78): warning CS8602: 瑙ｅ紩鐢ㄥ彲鑳藉嚭鐜扮┖寮曠敤銆?[D:\Source Code\UotanToolboxNT\UotanToolbox\UotanToolbox.csproj]
D:\Source Code\UotanToolboxNT\UotanToolbox\Common\StringHelper.cs(437,33): warning CS8600: 灏?null 鏂囨湰鎴栧彲鑳界殑 null 鍊艰浆鎹负涓嶅彲涓?null 绫诲瀷銆?[D:\Source Code\UotanToolboxNT\UotanToolbox\UotanToolbox.csproj]
D:\Source Code\UotanToolboxNT\UotanToolbox\Common\GetDevicesInfo.cs(71,38): warning CS8625: 鏃犳硶灏?null 瀛楅潰閲忚浆鎹负闈?null 鐨勫紩鐢ㄧ被鍨嬨€?[D:\Source Code\UotanToolboxNT\UotanToolbox\UotanToolbox.csproj]
D:\Source Code\UotanToolboxNT\UotanToolbox\Common\GetDevicesInfo.cs(99,38): warning CS8625: 鏃犳硶灏?null 瀛楅潰閲忚浆鎹负闈?null 鐨勫紩鐢ㄧ被鍨嬨€?[D:\Source Code\UotanToolboxNT\UotanToolbox\UotanToolbox.csproj]
D:\Source Code\UotanToolboxNT\UotanToolbox\Features\Customizedflash\CustomizedflashView.axaml.cs(189,29): warning CS8600: 灏?null 鏂囨湰鎴栧彲鑳界殑 null 鍊艰浆鎹负涓嶅彲涓?null 绫诲瀷銆?[D:\Source Code\UotanToolboxNT\UotanToolbox\UotanToolbox.csproj]
D:\Source Code\UotanToolboxNT\UotanToolbox\Features\Customizedflash\CustomizedflashView.axaml.cs(190,78): warning CS8602: 瑙ｅ紩鐢ㄥ彲鑳藉嚭鐜扮┖寮曠敤銆?[D:\Source Code\UotanToolboxNT\UotanToolbox\UotanToolbox.csproj]
D:\Source Code\UotanToolboxNT\UotanToolbox\Common\FileHelper.cs(272,38): warning CS8601: 鍙兘鐨?null 寮曠敤璧嬪€笺€?[D:\Source Code\UotanToolboxNT\UotanToolbox\UotanToolbox.csproj]
D:\Source Code\UotanToolboxNT\UotanToolbox\Features\Customizedflash\CustomizedflashView.axaml.cs(251,29): warning CS8600: 灏?null 鏂囨湰鎴栧彲鑳界殑 null 鍊艰浆鎹负涓嶅彲涓?null 绫诲瀷銆?[D:\Source Code\UotanToolboxNT\UotanToolbox\UotanToolbox.csproj]
D:\Source Code\UotanToolboxNT\UotanToolbox\Features\Customizedflash\CustomizedflashView.axaml.cs(252,78): warning CS8602: 瑙ｅ紩鐢ㄥ彲鑳藉嚭鐜扮┖寮曠敤銆?[D:\Source Code\UotanToolboxNT\UotanToolbox\UotanToolbox.csproj]
D:\Source Code\UotanToolboxNT\UotanToolbox\Common\FileHelper.cs(22,36): warning CS8618: 鍦ㄩ€€鍑烘瀯閫犲嚱鏁版椂锛屼笉鍙负 null 鐨?瀛楁 "dialogManager" 蹇呴』鍖呭惈闈?null 鍊笺€傝鑰冭檻娣诲姞 "required" 淇グ绗︽垨灏嗚 瀛楁 澹版槑涓哄彲涓?null銆?[D:\Source Code\UotanToolboxNT\UotanToolbox\UotanToolbox.csproj]
D:\Source Code\UotanToolboxNT\UotanToolbox\Common\StringHelper.cs(513,36): warning CS8600: 灏?null 鏂囨湰鎴栧彲鑳界殑 null 鍊艰浆鎹负涓嶅彲涓?null 绫诲瀷銆?[D:\Source Code\UotanToolboxNT\UotanToolbox\UotanToolbox.csproj]
D:\Source Code\UotanToolboxNT\UotanToolbox\Common\StringHelper.cs(522,28): warning CS8600: 灏?null 鏂囨湰鎴栧彲鑳界殑 null 鍊艰浆鎹负涓嶅彲涓?null 绫诲瀷銆?[D:\Source Code\UotanToolboxNT\UotanToolbox\UotanToolbox.csproj]
D:\Source Code\UotanToolboxNT\UotanToolbox\Common\StringHelper.cs(530,27): warning CS8600: 灏?null 鏂囨湰鎴栧彲鑳界殑 null 鍊艰浆鎹负涓嶅彲涓?null 绫诲瀷銆?[D:\Source Code\UotanToolboxNT\UotanToolbox\UotanToolbox.csproj]
D:\Source Code\UotanToolboxNT\UotanToolbox\Common\StringHelper.cs(538,29): warning CS8600: 灏?null 鏂囨湰鎴栧彲鑳界殑 null 鍊艰浆鎹负涓嶅彲涓?null 绫诲瀷銆?[D:\Source Code\UotanToolboxNT\UotanToolbox\UotanToolbox.csproj]
D:\Source Code\UotanToolboxNT\UotanToolbox\Common\StringHelper.cs(559,20): warning CS8603: 鍙兘杩斿洖 null 寮曠敤銆?[D:\Source Code\UotanToolboxNT\UotanToolbox\UotanToolbox.csproj]
D:\Source Code\UotanToolboxNT\UotanToolbox\Features\Customizedflash\CustomizedflashView.axaml.cs(313,29): warning CS8600: 灏?null 鏂囨湰鎴栧彲鑳界殑 null 鍊艰浆鎹负涓嶅彲涓?null 绫诲瀷銆?[D:\Source Code\UotanToolboxNT\UotanToolbox\UotanToolbox.csproj]
D:\Source Code\UotanToolboxNT\UotanToolbox\Features\Customizedflash\CustomizedflashView.axaml.cs(314,78): warning CS8602: 瑙ｅ紩鐢ㄥ彲鑳藉嚭鐜扮┖寮曠敤銆?[D:\Source Code\UotanToolboxNT\UotanToolbox\UotanToolbox.csproj]
D:\Source Code\UotanToolboxNT\UotanToolbox\Features\Customizedflash\CustomizedflashView.axaml.cs(375,29): warning CS8600: 灏?null 鏂囨湰鎴栧彲鑳界殑 null 鍊艰浆鎹负涓嶅彲涓?null 绫诲瀷銆?[D:\Source Code\UotanToolboxNT\UotanToolbox\UotanToolbox.csproj]
D:\Source Code\UotanToolboxNT\UotanToolbox\Features\Customizedflash\CustomizedflashView.axaml.cs(376,78): warning CS8602: 瑙ｅ紩鐢ㄥ彲鑳藉嚭鐜扮┖寮曠敤銆?[D:\Source Code\UotanToolboxNT\UotanToolbox\UotanToolbox.csproj]
D:\Source Code\UotanToolboxNT\UotanToolbox\Common\StringHelper.cs(631,28): warning CS8603: 鍙兘杩斿洖 null 寮曠敤銆?[D:\Source Code\UotanToolboxNT\UotanToolbox\UotanToolbox.csproj]
D:\Source Code\UotanToolboxNT\UotanToolbox\Common\StringHelper.cs(637,24): warning CS8603: 鍙兘杩斿洖 null 寮曠敤銆?[D:\Source Code\UotanToolboxNT\UotanToolbox\UotanToolbox.csproj]
D:\Source Code\UotanToolboxNT\UotanToolbox\Common\StringHelper.cs(642,24): warning CS8603: 鍙兘杩斿洖 null 寮曠敤銆?[D:\Source Code\UotanToolboxNT\UotanToolbox\UotanToolbox.csproj]
D:\Source Code\UotanToolboxNT\UotanToolbox\Common\QcomHelper\modules\Oneplus.cs(138,32): warning CS8603: 鍙兘杩斿洖 null 寮曠敤銆?[D:\Source Code\UotanToolboxNT\UotanToolbox\UotanToolbox.csproj]
D:\Source Code\UotanToolboxNT\UotanToolbox\Features\Basicflash\BasicflashView.axaml.cs(570,68): warning CS8604: 鈥淭ask<string> FeaturesHelper.AdbCmd(string deviceId, string cmd)鈥濅腑鐨勫舰鍙傗€渃md鈥濆彲鑳戒紶鍏?null 寮曠敤瀹炲弬銆?[D:\Source Code\UotanToolboxNT\UotanToolbox\UotanToolbox.csproj]
D:\Source Code\UotanToolboxNT\UotanToolbox\Features\Customizedflash\CustomizedflashView.axaml.cs(437,29): warning CS8600: 灏?null 鏂囨湰鎴栧彲鑳界殑 null 鍊艰浆鎹负涓嶅彲涓?null 绫诲瀷銆?[D:\Source Code\UotanToolboxNT\UotanToolbox\UotanToolbox.csproj]
D:\Source Code\UotanToolboxNT\UotanToolbox\Features\Customizedflash\CustomizedflashView.axaml.cs(438,78): warning CS8602: 瑙ｅ紩鐢ㄥ彲鑳藉嚭鐜扮┖寮曠敤銆?[D:\Source Code\UotanToolboxNT\UotanToolbox\UotanToolbox.csproj]
D:\Source Code\UotanToolboxNT\UotanToolbox\Common\StringHelper.cs(745,20): warning CS8603: 鍙兘杩斿洖 null 寮曠敤銆?[D:\Source Code\UotanToolboxNT\UotanToolbox\UotanToolbox.csproj]
D:\Source Code\UotanToolboxNT\UotanToolbox\Common\StringHelper.cs(41,36): warning CS8618: 鍦ㄩ€€鍑烘瀯閫犲嚱鏁版椂锛屼笉鍙负 null 鐨?瀛楁 "dialogManager" 蹇呴』鍖呭惈闈?null 鍊笺€傝鑰冭檻娣诲姞 "required" 淇グ绗︽垨灏嗚 瀛楁 澹版槑涓哄彲涓?null銆?[D:\Source Code\UotanToolboxNT\UotanToolbox\UotanToolbox.csproj]
D:\Source Code\UotanToolboxNT\UotanToolbox\Features\Basicflash\BasicflashView.axaml.cs(613,33): warning CS8600: 灏?null 鏂囨湰鎴栧彲鑳界殑 null 鍊艰浆鎹负涓嶅彲涓?null 绫诲瀷銆?[D:\Source Code\UotanToolboxNT\UotanToolbox\UotanToolbox.csproj]
D:\Source Code\UotanToolboxNT\UotanToolbox\Features\Basicflash\BasicflashView.axaml.cs(614,82): warning CS8602: 瑙ｅ紩鐢ㄥ彲鑳藉嚭鐜扮┖寮曠敤銆?[D:\Source Code\UotanToolboxNT\UotanToolbox\UotanToolbox.csproj]
D:\Source Code\UotanToolboxNT\UotanToolbox\Features\Basicflash\BasicflashView.axaml.cs(626,61): warning CS8604: 鈥淭ask<PatchInfo> PatchDetect.Patch_Detect(string path)鈥濅腑鐨勫舰鍙傗€減ath鈥濆彲鑳戒紶鍏?null 寮曠敤瀹炲弬銆?[D:\Source Code\UotanToolboxNT\UotanToolbox\UotanToolbox.csproj]
D:\Source Code\UotanToolboxNT\UotanToolbox\Common\QcomHelper\modules\Oneplus.cs(195,32): warning CS8603: 鍙兘杩斿洖 null 寮曠敤銆?[D:\Source Code\UotanToolboxNT\UotanToolbox\UotanToolbox.csproj]
D:\Source Code\UotanToolboxNT\UotanToolbox\Features\Customizedflash\CustomizedflashView.axaml.cs(499,29): warning CS8600: 灏?null 鏂囨湰鎴栧彲鑳界殑 null 鍊艰浆鎹负涓嶅彲涓?null 绫诲瀷銆?[D:\Source Code\UotanToolboxNT\UotanToolbox\UotanToolbox.csproj]
D:\Source Code\UotanToolboxNT\UotanToolbox\Features\Customizedflash\CustomizedflashView.axaml.cs(500,78): warning CS8602: 瑙ｅ紩鐢ㄥ彲鑳藉嚭鐜扮┖寮曠敤銆?[D:\Source Code\UotanToolboxNT\UotanToolbox\UotanToolbox.csproj]
D:\Source Code\UotanToolboxNT\UotanToolbox\Common\PatchHelper\KernelSUPatch.cs(31,43): warning CS8604: 鈥渟tring Path.Combine(string path1, string path2)鈥濅腑鐨勫舰鍙傗€減ath1鈥濆彲鑳戒紶鍏?null 寮曠敤瀹炲弬銆?[D:\Source Code\UotanToolboxNT\UotanToolbox\UotanToolbox.csproj]
D:\Source Code\UotanToolboxNT\UotanToolbox\Features\Basicflash\BasicflashView.axaml.cs(656,33): warning CS8600: 灏?null 鏂囨湰鎴栧彲鑳界殑 null 鍊艰浆鎹负涓嶅彲涓?null 绫诲瀷銆?[D:\Source Code\UotanToolboxNT\UotanToolbox\UotanToolbox.csproj]
D:\Source Code\UotanToolboxNT\UotanToolbox\Features\Basicflash\BasicflashView.axaml.cs(657,82): warning CS8602: 瑙ｅ紩鐢ㄥ彲鑳藉嚭鐜扮┖寮曠敤銆?[D:\Source Code\UotanToolboxNT\UotanToolbox\UotanToolbox.csproj]
D:\Source Code\UotanToolboxNT\UotanToolbox\Features\Basicflash\BasicflashView.axaml.cs(669,61): warning CS8604: 鈥淭ask<BootInfo> ImageDetect.Boot_Detect(string path)鈥濅腑鐨勫舰鍙傗€減ath鈥濆彲鑳戒紶鍏?null 寮曠敤瀹炲弬銆?[D:\Source Code\UotanToolboxNT\UotanToolbox\UotanToolbox.csproj]
D:\Source Code\UotanToolboxNT\UotanToolbox\Features\Customizedflash\CustomizedflashView.axaml.cs(561,29): warning CS8600: 灏?null 鏂囨湰鎴栧彲鑳界殑 null 鍊艰浆鎹负涓嶅彲涓?null 绫诲瀷銆?[D:\Source Code\UotanToolboxNT\UotanToolbox\UotanToolbox.csproj]
D:\Source Code\UotanToolboxNT\UotanToolbox\Features\Customizedflash\CustomizedflashView.axaml.cs(562,78): warning CS8602: 瑙ｅ紩鐢ㄥ彲鑳藉嚭鐜扮┖寮曠敤銆?[D:\Source Code\UotanToolboxNT\UotanToolbox\UotanToolbox.csproj]
D:\Source Code\UotanToolboxNT\UotanToolbox\Common\PatchHelper\MagiskPatch.cs(70,44): warning CS8604: 鈥渟tring Path.Combine(string path1, string path2)鈥濅腑鐨勫舰鍙傗€減ath1鈥濆彲鑳戒紶鍏?null 寮曠敤瀹炲弬銆?[D:\Source Code\UotanToolboxNT\UotanToolbox\UotanToolbox.csproj]
D:\Source Code\UotanToolboxNT\UotanToolbox\Common\PatchHelper\MagiskPatch.cs(93,20): warning CS8602: 瑙ｅ紩鐢ㄥ彲鑳藉嚭鐜扮┖寮曠敤銆?[D:\Source Code\UotanToolboxNT\UotanToolbox\UotanToolbox.csproj]
D:\Source Code\UotanToolboxNT\UotanToolbox\Common\PatchHelper\MagiskPatch.cs(93,20): warning CS8603: 鍙兘杩斿洖 null 寮曠敤銆?[D:\Source Code\UotanToolboxNT\UotanToolbox\UotanToolbox.csproj]
D:\Source Code\UotanToolboxNT\UotanToolbox\Features\Basicflash\BasicflashView.axaml.cs(694,46): warning CS8629: 鍙负 null 鐨勫€肩被鍨嬪彲涓?null銆?[D:\Source Code\UotanToolboxNT\UotanToolbox\UotanToolbox.csproj]
D:\Source Code\UotanToolboxNT\UotanToolbox\Features\Basicflash\BasicflashView.axaml.cs(695,52): warning CS8629: 鍙负 null 鐨勫€肩被鍨嬪彲涓?null銆?[D:\Source Code\UotanToolboxNT\UotanToolbox\UotanToolbox.csproj]
D:\Source Code\UotanToolboxNT\UotanToolbox\Features\Basicflash\BasicflashView.axaml.cs(696,51): warning CS8629: 鍙负 null 鐨勫€肩被鍨嬪彲涓?null銆?[D:\Source Code\UotanToolboxNT\UotanToolbox\UotanToolbox.csproj]
D:\Source Code\UotanToolboxNT\UotanToolbox\Features\Basicflash\BasicflashView.axaml.cs(697,48): warning CS8629: 鍙负 null 鐨勫€肩被鍨嬪彲涓?null銆?[D:\Source Code\UotanToolboxNT\UotanToolbox\UotanToolbox.csproj]
D:\Source Code\UotanToolboxNT\UotanToolbox\Features\Basicflash\BasicflashView.axaml.cs(698,45): warning CS8629: 鍙负 null 鐨勫€肩被鍨嬪彲涓?null銆?[D:\Source Code\UotanToolboxNT\UotanToolbox\UotanToolbox.csproj]
D:\Source Code\UotanToolboxNT\UotanToolbox\Features\Basicflash\BasicflashView.axaml.cs(713,65): warning CS8604: 鈥淭ask<PatchInfo> PatchDetect.Patch_Detect(string path)鈥濅腑鐨勫舰鍙傗€減ath鈥濆彲鑳戒紶鍏?null 寮曠敤瀹炲弬銆?[D:\Source Code\UotanToolboxNT\UotanToolbox\UotanToolbox.csproj]
D:\Source Code\UotanToolboxNT\UotanToolbox\Features\Basicflash\BasicflashView.axaml.cs(716,30): warning CS8600: 灏?null 鏂囨湰鎴栧彲鑳界殑 null 鍊艰浆鎹负涓嶅彲涓?null 绫诲瀷銆?[D:\Source Code\UotanToolboxNT\UotanToolbox\UotanToolbox.csproj]
D:\Source Code\UotanToolboxNT\UotanToolbox\Features\Basicflash\BasicflashView.axaml.cs(736,61): warning CS8604: 鈥淭ask BasicflashView.FlashBoot(string boot, string part)鈥濅腑鐨勫舰鍙傗€渂oot鈥濆彲鑳戒紶鍏?null 寮曠敤瀹炲弬銆?[D:\Source Code\UotanToolboxNT\UotanToolbox\UotanToolbox.csproj]
D:\Source Code\UotanToolboxNT\UotanToolbox\Features\Basicflash\BasicflashView.axaml.cs(737,80): warning CS8604: 鈥渟tring Path.Combine(params ReadOnlySpan<string> paths)鈥濅腑鐨勫舰鍙傗€減aths鈥濆彲鑳戒紶鍏?null 寮曠敤瀹炲弬銆?[D:\Source Code\UotanToolboxNT\UotanToolbox\UotanToolbox.csproj]
D:\Source Code\UotanToolboxNT\UotanToolbox\Features\Basicflash\BasicflashView.axaml.cs(741,80): warning CS8604: 鈥渟tring Path.Combine(params ReadOnlySpan<string> paths)鈥濅腑鐨勫舰鍙傗€減aths鈥濆彲鑳戒紶鍏?null 寮曠敤瀹炲弬銆?[D:\Source Code\UotanToolboxNT\UotanToolbox\UotanToolbox.csproj]
D:\Source Code\UotanToolboxNT\UotanToolbox\Common\PatchHelper\KernelSUPatch.cs(67,43): warning CS8604: 鈥渟tring Path.Combine(string path1, string path2)鈥濅腑鐨勫舰鍙傗€減ath1鈥濆彲鑳戒紶鍏?null 寮曠敤瀹炲弬銆?[D:\Source Code\UotanToolboxNT\UotanToolbox\UotanToolbox.csproj]
D:\Source Code\UotanToolboxNT\UotanToolbox\Common\PatchHelper\MagiskPatch.cs(136,43): warning CS8604: 鈥渟tring Path.Combine(string path1, string path2)鈥濅腑鐨勫舰鍙傗€減ath1鈥濆彲鑳戒紶鍏?null 寮曠敤瀹炲弬銆?[D:\Source Code\UotanToolboxNT\UotanToolbox\UotanToolbox.csproj]
D:\Source Code\UotanToolboxNT\UotanToolbox\Features\Home\HomeViewModel.cs(48,12): warning CS8618: 鍦ㄩ€€鍑烘瀯閫犲嚱鏁版椂锛屼笉鍙负 null 鐨?灞炴€?"DemoPages" 蹇呴』鍖呭惈闈?null 鍊笺€傝鑰冭檻娣诲姞 "required" 淇グ绗︽垨灏嗚 灞炴€?澹版槑涓哄彲涓?null銆?[D:\Source Code\UotanToolboxNT\UotanToolbox\UotanToolbox.csproj]
D:\Source Code\UotanToolboxNT\UotanToolbox\Features\Filemgr\FilemgrViewModel.cs(358,34): warning CS0618: 鈥淥penFolderDialog鈥濆凡杩囨椂:鈥淯se Window.StorageProvider API or TopLevel.StorageProvider API鈥?[D:\Source Code\UotanToolboxNT\UotanToolbox\UotanToolbox.csproj]
D:\Source Code\UotanToolboxNT\UotanToolbox\Features\Filemgr\FilemgrViewModel.cs(352,31): warning CS8602: 瑙ｅ紩鐢ㄥ彲鑳藉嚭鐜扮┖寮曠敤銆?[D:\Source Code\UotanToolboxNT\UotanToolbox\UotanToolbox.csproj]
D:\Source Code\UotanToolboxNT\UotanToolbox\Features\Filemgr\FilemgrViewModel.cs(356,32): warning CS8600: 灏?null 鏂囨湰鎴栧彲鑳界殑 null 鍊艰浆鎹负涓嶅彲涓?null 绫诲瀷銆?[D:\Source Code\UotanToolboxNT\UotanToolbox\UotanToolbox.csproj]
D:\Source Code\UotanToolboxNT\UotanToolbox\Common\PatchHelper\MagiskPatcher\Patcher.cs(814,89): warning CS8604: 鈥淭ask<(string Output, int ExitCode)> CallExternalProgram.MagiskBoot(string shell, string workpath)鈥濅腑鐨勫舰鍙傗€渨orkpath鈥濆彲鑳戒紶鍏?null 寮曠敤瀹炲弬銆?[D:\Source Code\UotanToolboxNT\UotanToolbox\UotanToolbox.csproj]
D:\Source Code\UotanToolboxNT\UotanToolbox\Features\Home\HomeView.axaml.cs(63,60): warning CS8600: 灏?null 鏂囨湰鎴栧彲鑳界殑 null 鍊艰浆鎹负涓嶅彲涓?null 绫诲瀷銆?[D:\Source Code\UotanToolboxNT\UotanToolbox\UotanToolbox.csproj]
D:\Source Code\UotanToolboxNT\UotanToolbox\Features\Home\HomeView.axaml.cs(67,31): warning CS8600: 灏?null 鏂囨湰鎴栧彲鑳界殑 null 鍊艰浆鎹负涓嶅彲涓?null 绫诲瀷銆?[D:\Source Code\UotanToolboxNT\UotanToolbox\UotanToolbox.csproj]
D:\Source Code\UotanToolboxNT\UotanToolbox\Features\Wiredflash\WiredflashView.axaml.cs(259,36): warning CS8600: 灏?null 鏂囨湰鎴栧彲鑳界殑 null 鍊艰浆鎹负涓嶅彲涓?null 绫诲瀷銆?[D:\Source Code\UotanToolboxNT\UotanToolbox\UotanToolbox.csproj]
D:\Source Code\UotanToolboxNT\UotanToolbox\Features\Wiredflash\WiredflashView.axaml.cs(260,37): warning CS8600: 灏?null 鏂囨湰鎴栧彲鑳界殑 null 鍊艰浆鎹负涓嶅彲涓?null 绫诲瀷銆?[D:\Source Code\UotanToolboxNT\UotanToolbox\UotanToolbox.csproj]
D:\Source Code\UotanToolboxNT\UotanToolbox\Features\Wiredflash\WiredflashView.axaml.cs(302,67): warning CS8604: 鈥渟tring Path.Combine(string path1, string path2)鈥濅腑鐨勫舰鍙傗€減ath1鈥濆彲鑳戒紶鍏?null 寮曠敤瀹炲弬銆?[D:\Source Code\UotanToolboxNT\UotanToolbox\UotanToolbox.csproj]
D:\Source Code\UotanToolboxNT\UotanToolbox\Features\Wiredflash\WiredflashView.axaml.cs(311,74): warning CS8629: 鍙负 null 鐨勫€肩被鍨嬪彲涓?null銆?[D:\Source Code\UotanToolboxNT\UotanToolbox\UotanToolbox.csproj]
D:\Source Code\UotanToolboxNT\UotanToolbox\Features\Wiredflash\WiredflashView.axaml.cs(322,76): warning CS8629: 鍙负 null 鐨勫€肩被鍨嬪彲涓?null銆?[D:\Source Code\UotanToolboxNT\UotanToolbox\UotanToolbox.csproj]
D:\Source Code\UotanToolboxNT\UotanToolbox\Features\Wiredflash\WiredflashView.axaml.cs(327,54): warning CS8600: 灏?null 鏂囨湰鎴栧彲鑳界殑 null 鍊艰浆鎹负涓嶅彲涓?null 绫诲瀷銆?[D:\Source Code\UotanToolboxNT\UotanToolbox\UotanToolbox.csproj]
D:\Source Code\UotanToolboxNT\UotanToolbox\Features\Wiredflash\WiredflashView.axaml.cs(342,80): warning CS8629: 鍙负 null 鐨勫€肩被鍨嬪彲涓?null銆?[D:\Source Code\UotanToolboxNT\UotanToolbox\UotanToolbox.csproj]
D:\Source Code\UotanToolboxNT\UotanToolbox\Features\Wiredflash\WiredflashView.axaml.cs(439,36): warning CS8600: 灏?null 鏂囨湰鎴栧彲鑳界殑 null 鍊艰浆鎹负涓嶅彲涓?null 绫诲瀷銆?[D:\Source Code\UotanToolboxNT\UotanToolbox\UotanToolbox.csproj]
D:\Source Code\UotanToolboxNT\UotanToolbox\Features\Wiredflash\WiredflashView.axaml.cs(530,86): warning CS8629: 鍙负 null 鐨勫€肩被鍨嬪彲涓?null銆?[D:\Source Code\UotanToolboxNT\UotanToolbox\UotanToolbox.csproj]
D:\Source Code\UotanToolboxNT\UotanToolbox\Features\Wiredflash\WiredflashView.axaml.cs(545,84): warning CS8629: 鍙负 null 鐨勫€肩被鍨嬪彲涓?null銆?[D:\Source Code\UotanToolboxNT\UotanToolbox\UotanToolbox.csproj]
D:\Source Code\UotanToolboxNT\UotanToolbox\Features\Wiredflash\WiredflashView.axaml.cs(624,29): warning CS8600: 灏?null 鏂囨湰鎴栧彲鑳界殑 null 鍊艰浆鎹负涓嶅彲涓?null 绫诲瀷銆?[D:\Source Code\UotanToolboxNT\UotanToolbox\UotanToolbox.csproj]
D:\Source Code\UotanToolboxNT\UotanToolbox\Features\Wiredflash\WiredflashView.axaml.cs(625,78): warning CS8602: 瑙ｅ紩鐢ㄥ彲鑳藉嚭鐜扮┖寮曠敤銆?[D:\Source Code\UotanToolboxNT\UotanToolbox\UotanToolbox.csproj]
D:\Source Code\UotanToolboxNT\UotanToolbox\Features\Wiredflash\WiredflashView.axaml.cs(639,29): warning CS8600: 灏?null 鏂囨湰鎴栧彲鑳界殑 null 鍊艰浆鎹负涓嶅彲涓?null 绫诲瀷銆?[D:\Source Code\UotanToolboxNT\UotanToolbox\UotanToolbox.csproj]
D:\Source Code\UotanToolboxNT\UotanToolbox\Features\Wiredflash\WiredflashView.axaml.cs(640,78): warning CS8602: 瑙ｅ紩鐢ㄥ彲鑳藉嚭鐜扮┖寮曠敤銆?[D:\Source Code\UotanToolboxNT\UotanToolbox\UotanToolbox.csproj]
D:\Source Code\UotanToolboxNT\UotanToolbox\Features\Home\HomeViewModel.cs(91,37): warning CS8600: 灏?null 鏂囨湰鎴栧彲鑳界殑 null 鍊艰浆鎹负涓嶅彲涓?null 绫诲瀷銆?[D:\Source Code\UotanToolboxNT\UotanToolbox\UotanToolbox.csproj]
D:\Source Code\UotanToolboxNT\UotanToolbox\Features\Home\HomeViewModel.cs(93,30): warning CS8602: 瑙ｅ紩鐢ㄥ彲鑳藉嚭鐜扮┖寮曠敤銆?[D:\Source Code\UotanToolboxNT\UotanToolbox\UotanToolbox.csproj]
D:\Source Code\UotanToolboxNT\UotanToolbox\Features\Filemgr\FilemgrViewModel.cs(450,95): warning CS8625: 鏃犳硶灏?null 瀛楅潰閲忚浆鎹负闈?null 鐨勫紩鐢ㄧ被鍨嬨€?[D:\Source Code\UotanToolboxNT\UotanToolbox\UotanToolbox.csproj]
D:\Source Code\UotanToolboxNT\UotanToolbox\Features\Wiredflash\WiredflashView.axaml.cs(655,33): warning CS8600: 灏?null 鏂囨湰鎴栧彲鑳界殑 null 鍊艰浆鎹负涓嶅彲涓?null 绫诲瀷銆?[D:\Source Code\UotanToolboxNT\UotanToolbox\UotanToolbox.csproj]
D:\Source Code\UotanToolboxNT\UotanToolbox\Features\Wiredflash\WiredflashView.axaml.cs(656,82): warning CS8602: 瑙ｅ紩鐢ㄥ彲鑳藉嚭鐜扮┖寮曠敤銆?[D:\Source Code\UotanToolboxNT\UotanToolbox\UotanToolbox.csproj]
D:\Source Code\UotanToolboxNT\UotanToolbox\Features\Wiredflash\WiredflashView.axaml.cs(665,53): warning CS8604: 鈥渟tring FileHelper.Readtxt(string path)鈥濅腑鐨勫舰鍙傗€減ath鈥濆彲鑳戒紶鍏?null 寮曠敤瀹炲弬銆?[D:\Source Code\UotanToolboxNT\UotanToolbox\UotanToolbox.csproj]
D:\Source Code\UotanToolboxNT\UotanToolbox\Features\Wiredflash\WiredflashView.axaml.cs(680,33): warning CS8600: 灏?null 鏂囨湰鎴栧彲鑳界殑 null 鍊艰浆鎹负涓嶅彲涓?null 绫诲瀷銆?[D:\Source Code\UotanToolboxNT\UotanToolbox\UotanToolbox.csproj]
D:\Source Code\UotanToolboxNT\UotanToolbox\Features\Wiredflash\WiredflashView.axaml.cs(681,82): warning CS8602: 瑙ｅ紩鐢ㄥ彲鑳藉嚭鐜扮┖寮曠敤銆?[D:\Source Code\UotanToolboxNT\UotanToolbox\UotanToolbox.csproj]
D:\Source Code\UotanToolboxNT\UotanToolbox\Features\Wiredflash\WiredflashView.axaml.cs(690,53): warning CS8604: 鈥渟tring FileHelper.Readtxt(string path)鈥濅腑鐨勫舰鍙傗€減ath鈥濆彲鑳戒紶鍏?null 寮曠敤瀹炲弬銆?[D:\Source Code\UotanToolboxNT\UotanToolbox\UotanToolbox.csproj]
D:\Source Code\UotanToolboxNT\UotanToolbox\Features\Scrcpy\ScrcpyViewModel.cs(38,12): warning CS8618: 鍦ㄩ€€鍑烘瀯閫犲嚱鏁版椂锛屼笉鍙负 null 鐨?瀛楁 "_windowTitle" 蹇呴』鍖呭惈闈?null 鍊笺€傝鑰冭檻娣诲姞 "required" 淇グ绗︽垨灏嗚 瀛楁 澹版槑涓哄彲涓?null銆?[D:\Source Code\UotanToolboxNT\UotanToolbox\UotanToolbox.csproj]
D:\Source Code\UotanToolboxNT\UotanToolbox\Features\Scrcpy\ScrcpyViewModel.cs(38,12): warning CS8618: 鍦ㄩ€€鍑烘瀯閫犲嚱鏁版椂锛屼笉鍙负 null 鐨?瀛楁 "_recordFolder" 蹇呴』鍖呭惈闈?null 鍊笺€傝鑰冭檻娣诲姞 "required" 淇グ绗︽垨灏嗚 瀛楁 澹版槑涓哄彲涓?null銆?[D:\Source Code\UotanToolboxNT\UotanToolbox\UotanToolbox.csproj]
D:\Source Code\UotanToolboxNT\UotanToolbox\Features\Scrcpy\ScrcpyViewModel.cs(38,12): warning CS8618: 鍦ㄩ€€鍑烘瀯閫犲嚱鏁版椂锛屼笉鍙负 null 鐨?瀛楁 "_virtualScreenPackage" 蹇呴』鍖呭惈闈?null 鍊笺€傝鑰冭檻娣诲姞 "required" 淇グ绗︽垨灏嗚 瀛楁 澹版槑涓哄彲涓?null銆?[D:\Source Code\UotanToolboxNT\UotanToolbox\UotanToolbox.csproj]
D:\Source Code\UotanToolboxNT\UotanToolbox\Features\Scrcpy\ScrcpyViewModel.cs(38,12): warning CS8618: 鍦ㄩ€€鍑烘瀯閫犲嚱鏁版椂锛屼笉鍙负 null 鐨?瀛楁 "_virtualScreenDisplaySize" 蹇呴』鍖呭惈闈?null 鍊笺€傝鑰冭檻娣诲姞 "required" 淇グ绗︽垨灏嗚 瀛楁 澹版槑涓哄彲涓?null銆?[D:\Source Code\UotanToolboxNT\UotanToolbox\UotanToolbox.csproj]
D:\Source Code\UotanToolboxNT\UotanToolbox\Features\Others\OthersView.axaml.cs(25,9): warning CS4014: 鐢变簬姝よ皟鐢ㄤ笉浼氱瓑寰咃紝鍥犳鍦ㄦ璋冪敤瀹屾垚涔嬪墠灏嗕細缁х画鎵ц褰撳墠鏂规硶銆傝鑰冭檻灏?"await" 杩愮畻绗﹀簲鐢ㄤ簬璋冪敤缁撴灉銆?[D:\Source Code\UotanToolboxNT\UotanToolbox\UotanToolbox.csproj]
D:\Source Code\UotanToolboxNT\UotanToolbox\Features\Home\HomeViewModel.cs(395,27): warning CS8602: 瑙ｅ紩鐢ㄥ彲鑳藉嚭鐜扮┖寮曠敤銆?[D:\Source Code\UotanToolboxNT\UotanToolbox\UotanToolbox.csproj]
D:\Source Code\UotanToolboxNT\UotanToolbox\Features\Wiredflash\SetMagiskDialogView.axaml.cs(27,29): warning CS8600: 灏?null 鏂囨湰鎴栧彲鑳界殑 null 鍊艰浆鎹负涓嶅彲涓?null 绫诲瀷銆?[D:\Source Code\UotanToolboxNT\UotanToolbox\UotanToolbox.csproj]
D:\Source Code\UotanToolboxNT\UotanToolbox\Features\Wiredflash\SetMagiskDialogView.axaml.cs(28,78): warning CS8602: 瑙ｅ紩鐢ㄥ彲鑳藉嚭鐜扮┖寮曠敤銆?[D:\Source Code\UotanToolboxNT\UotanToolbox\UotanToolbox.csproj]
D:\Source Code\UotanToolboxNT\UotanToolbox\Features\Scrcpy\ScrcpyView.axaml.cs(25,29): warning CS8600: 灏?null 鏂囨湰鎴栧彲鑳界殑 null 鍊艰浆鎹负涓嶅彲涓?null 绫诲瀷銆?[D:\Source Code\UotanToolboxNT\UotanToolbox\UotanToolbox.csproj]
D:\Source Code\UotanToolboxNT\UotanToolbox\Features\Scrcpy\ScrcpyView.axaml.cs(26,80): warning CS8602: 瑙ｅ紩鐢ㄥ彲鑳藉嚭鐜扮┖寮曠敤銆?[D:\Source Code\UotanToolboxNT\UotanToolbox\UotanToolbox.csproj]
D:\Source Code\UotanToolboxNT\UotanToolbox\Features\Scrcpy\ScrcpyView.axaml.cs(33,43): warning CS8604: 鈥渂ool FileHelper.TestPermission(string directoryPath)鈥濅腑鐨勫舰鍙傗€渄irectoryPath鈥濆彲鑳戒紶鍏?null 寮曠敤瀹炲弬銆?[D:\Source Code\UotanToolboxNT\UotanToolbox\UotanToolbox.csproj]
D:\Source Code\UotanToolboxNT\UotanToolbox\Features\Wiredflash\SetMagiskDialogView.axaml.cs(42,32): warning CS8601: 鍙兘鐨?null 寮曠敤璧嬪€笺€?[D:\Source Code\UotanToolboxNT\UotanToolbox\UotanToolbox.csproj]
D:\Source Code\UotanToolboxNT\UotanToolbox\Features\Wiredflash\SetMagiskDialogView.axaml.cs(43,26): warning CS8602: 瑙ｅ紩鐢ㄥ彲鑳藉嚭鐜扮┖寮曠敤銆?[D:\Source Code\UotanToolboxNT\UotanToolbox\UotanToolbox.csproj]
D:\Source Code\UotanToolboxNT\UotanToolbox\Features\Wiredflash\SetMagiskDialogView.axaml.cs(43,26): warning CS8601: 鍙兘鐨?null 寮曠敤璧嬪€笺€?[D:\Source Code\UotanToolboxNT\UotanToolbox\UotanToolbox.csproj]
D:\Source Code\UotanToolboxNT\UotanToolbox\Features\Wiredflash\SetVbmetaDialogView.axaml.cs(20,32): warning CS8602: 瑙ｅ紩鐢ㄥ彲鑳藉嚭鐜扮┖寮曠敤銆?[D:\Source Code\UotanToolboxNT\UotanToolbox\UotanToolbox.csproj]
D:\Source Code\UotanToolboxNT\UotanToolbox\Features\Wiredflash\SetVbmetaDialogView.axaml.cs(20,32): warning CS8601: 鍙兘鐨?null 寮曠敤璧嬪€笺€?[D:\Source Code\UotanToolboxNT\UotanToolbox\UotanToolbox.csproj]
D:\Source Code\UotanToolboxNT\UotanToolbox\Features\Settings\SettingsViewModel.cs(188,37): warning CS8600: 灏?null 鏂囨湰鎴栧彲鑳界殑 null 鍊艰浆鎹负涓嶅彲涓?null 绫诲瀷銆?[D:\Source Code\UotanToolboxNT\UotanToolbox\UotanToolbox.csproj]
D:\Source Code\UotanToolboxNT\UotanToolbox\Features\Settings\SettingsViewModel.cs(190,30): warning CS8602: 瑙ｅ紩鐢ㄥ彲鑳藉嚭鐜扮┖寮曠敤銆?[D:\Source Code\UotanToolboxNT\UotanToolbox\UotanToolbox.csproj]
D:\Source Code\UotanToolboxNT\UotanToolbox\Features\Modifypartition\ModifypartitionView.axaml.cs(234,63): warning CS8625: 鏃犳硶灏?null 瀛楅潰閲忚浆鎹负闈?null 鐨勫紩鐢ㄧ被鍨嬨€?[D:\Source Code\UotanToolboxNT\UotanToolbox\UotanToolbox.csproj]
D:\Source Code\UotanToolboxNT\UotanToolbox\Features\Modifypartition\ModifypartitionView.axaml.cs(234,69): warning CS8625: 鏃犳硶灏?null 瀛楅潰閲忚浆鎹负闈?null 鐨勫紩鐢ㄧ被鍨嬨€?[D:\Source Code\UotanToolboxNT\UotanToolbox\UotanToolbox.csproj]
D:\Source Code\UotanToolboxNT\UotanToolbox\Features\Modifypartition\ModifypartitionView.axaml.cs(234,81): warning CS8625: 鏃犳硶灏?null 瀛楅潰閲忚浆鎹负闈?null 鐨勫紩鐢ㄧ被鍨嬨€?[D:\Source Code\UotanToolboxNT\UotanToolbox\UotanToolbox.csproj]
D:\Source Code\UotanToolboxNT\UotanToolbox\Features\Modifypartition\ModifypartitionView.axaml.cs(234,101): warning CS8625: 鏃犳硶灏?null 瀛楅潰閲忚浆鎹负闈?null 鐨勫紩鐢ㄧ被鍨嬨€?[D:\Source Code\UotanToolboxNT\UotanToolbox\UotanToolbox.csproj]
D:\Source Code\UotanToolboxNT\UotanToolbox\Features\Modifypartition\ModifypartitionView.axaml.cs(252,25): warning CS8629: 鍙负 null 鐨勫€肩被鍨嬪彲涓?null銆?[D:\Source Code\UotanToolboxNT\UotanToolbox\UotanToolbox.csproj]
D:\Source Code\UotanToolboxNT\UotanToolbox\Features\Modifypartition\ModifypartitionView.axaml.cs(267,67): warning CS8625: 鏃犳硶灏?null 瀛楅潰閲忚浆鎹负闈?null 鐨勫紩鐢ㄧ被鍨嬨€?[D:\Source Code\UotanToolboxNT\UotanToolbox\UotanToolbox.csproj]
D:\Source Code\UotanToolboxNT\UotanToolbox\Features\Modifypartition\ModifypartitionView.axaml.cs(267,73): warning CS8625: 鏃犳硶灏?null 瀛楅潰閲忚浆鎹负闈?null 鐨勫紩鐢ㄧ被鍨嬨€?[D:\Source Code\UotanToolboxNT\UotanToolbox\UotanToolbox.csproj]
D:\Source Code\UotanToolboxNT\UotanToolbox\Features\Modifypartition\ModifypartitionView.axaml.cs(267,85): warning CS8625: 鏃犳硶灏?null 瀛楅潰閲忚浆鎹负闈?null 鐨勫紩鐢ㄧ被鍨嬨€?[D:\Source Code\UotanToolboxNT\UotanToolbox\UotanToolbox.csproj]
D:\Source Code\UotanToolboxNT\UotanToolbox\Features\Modifypartition\ModifypartitionView.axaml.cs(267,105): warning CS8625: 鏃犳硶灏?null 瀛楅潰閲忚浆鎹负闈?null 鐨勫紩鐢ㄧ被鍨嬨€?[D:\Source Code\UotanToolboxNT\UotanToolbox\UotanToolbox.csproj]
D:\Source Code\UotanToolboxNT\UotanToolbox\Features\Modifypartition\ModifypartitionView.axaml.cs(293,80): warning CS8625: 鏃犳硶灏?null 瀛楅潰閲忚浆鎹负闈?null 鐨勫紩鐢ㄧ被鍨嬨€?[D:\Source Code\UotanToolboxNT\UotanToolbox\UotanToolbox.csproj]
D:\Source Code\UotanToolboxNT\UotanToolbox\Features\Modifypartition\ModifypartitionView.axaml.cs(293,86): warning CS8625: 鏃犳硶灏?null 瀛楅潰閲忚浆鎹负闈?null 鐨勫紩鐢ㄧ被鍨嬨€?[D:\Source Code\UotanToolboxNT\UotanToolbox\UotanToolbox.csproj]
D:\Source Code\UotanToolboxNT\UotanToolbox\Features\Modifypartition\ModifypartitionView.axaml.cs(293,98): warning CS8625: 鏃犳硶灏?null 瀛楅潰閲忚浆鎹负闈?null 鐨勫紩鐢ㄧ被鍨嬨€?[D:\Source Code\UotanToolboxNT\UotanToolbox\UotanToolbox.csproj]
D:\Source Code\UotanToolboxNT\UotanToolbox\Features\Modifypartition\ModifypartitionView.axaml.cs(293,118): warning CS8625: 鏃犳硶灏?null 瀛楅潰閲忚浆鎹负闈?null 鐨勫紩鐢ㄧ被鍨嬨€?[D:\Source Code\UotanToolboxNT\UotanToolbox\UotanToolbox.csproj]
D:\Source Code\UotanToolboxNT\UotanToolbox\Features\Others\OthersView.axaml.cs(577,31): warning CS8600: 灏?null 鏂囨湰鎴栧彲鑳界殑 null 鍊艰浆鎹负涓嶅彲涓?null 绫诲瀷銆?[D:\Source Code\UotanToolboxNT\UotanToolbox\UotanToolbox.csproj]
D:\Source Code\UotanToolboxNT\UotanToolbox\Features\Others\OthersView.axaml.cs(624,31): warning CS8600: 灏?null 鏂囨湰鎴栧彲鑳界殑 null 鍊艰浆鎹负涓嶅彲涓?null 绫诲瀷銆?[D:\Source Code\UotanToolboxNT\UotanToolbox\UotanToolbox.csproj]
D:\Source Code\UotanToolboxNT\UotanToolbox\Features\Others\OthersView.axaml.cs(670,31): warning CS8600: 灏?null 鏂囨湰鎴栧彲鑳界殑 null 鍊艰浆鎹负涓嶅彲涓?null 绫诲瀷銆?[D:\Source Code\UotanToolboxNT\UotanToolbox\UotanToolbox.csproj]
D:\Source Code\UotanToolboxNT\UotanToolbox\Features\Others\OthersView.axaml.cs(716,31): warning CS8600: 灏?null 鏂囨湰鎴栧彲鑳界殑 null 鍊艰浆鎹负涓嶅彲涓?null 绫诲瀷銆?[D:\Source Code\UotanToolboxNT\UotanToolbox\UotanToolbox.csproj]
D:\Source Code\UotanToolboxNT\UotanToolbox\Features\Advancedflash\AdvancedflashView.axaml.cs(1235,36): warning CS8600: 灏?null 鏂囨湰鎴栧彲鑳界殑 null 鍊艰浆鎹负涓嶅彲涓?null 绫诲瀷銆?[D:\Source Code\UotanToolboxNT\UotanToolbox\UotanToolbox.csproj]
D:\Source Code\UotanToolboxNT\UotanToolbox\Features\Advancedflash\AdvancedflashView.axaml.cs(1262,59): warning CS8604: 鈥渟tring Path.Combine(string path1, string path2)鈥濅腑鐨勫舰鍙傗€減ath1鈥濆彲鑳戒紶鍏?null 寮曠敤瀹炲弬銆?[D:\Source Code\UotanToolboxNT\UotanToolbox\UotanToolbox.csproj]
D:\Source Code\UotanToolboxNT\UotanToolbox\Features\Advancedflash\AdvancedflashView.axaml.cs(1280,46): warning CS8600: 灏?null 鏂囨湰鎴栧彲鑳界殑 null 鍊艰浆鎹负涓嶅彲涓?null 绫诲瀷銆?[D:\Source Code\UotanToolboxNT\UotanToolbox\UotanToolbox.csproj]
D:\Source Code\UotanToolboxNT\UotanToolbox\Features\Advancedflash\AdvancedflashView.axaml.cs(1427,46): warning CS8600: 灏?null 鏂囨湰鎴栧彲鑳界殑 null 鍊艰浆鎹负涓嶅彲涓?null 绫诲瀷銆?[D:\Source Code\UotanToolboxNT\UotanToolbox\UotanToolbox.csproj]
D:\Source Code\UotanToolboxNT\UotanToolbox\Features/Customizedflash/FlashVbmetaDialogView.axaml : Avalonia warning AVLN3001: XAML resource "avares://UotanToolbox/Features/Customizedflash/FlashVbmetaDialogView.axaml" won't be reachable via runtime loader, as no public constructor was found [D:\Source Code\UotanToolboxNT\UotanToolbox\UotanToolbox.csproj]
  UotanToolbox -> D:\Source Code\UotanToolboxNT\UotanToolbox\bin\Debug\net10.0\UotanToolbox.dll

宸叉垚鍔熺敓鎴愩€?

D:\Source Code\UotanToolboxNT\UotanToolbox\Services\PageNavigationService.cs(8,25): warning CS8618: 鍦ㄩ€€鍑烘瀯閫犲嚱鏁版椂锛屼笉鍙负 null 鐨?灞炴€?"NavigationRequested" 蹇呴』鍖呭惈闈?null 鍊笺€傝鑰冭檻娣诲姞 "required" 淇グ绗︽垨灏嗚 灞炴€?澹版槑涓哄彲涓?null銆?[D:\Source Code\UotanToolboxNT\UotanToolbox\UotanToolbox.csproj]
D:\Source Code\UotanToolboxNT\UotanToolbox\Common\ViewLocator.cs(16,27): warning CS8600: 灏?null 鏂囨湰鎴栧彲鑳界殑 null 鍊艰浆鎹负涓嶅彲涓?null 绫诲瀷銆?[D:\Source Code\UotanToolboxNT\UotanToolbox\UotanToolbox.csproj]
D:\Source Code\UotanToolboxNT\UotanToolbox\Common\ViewLocator.cs(39,51): warning CS8600: 灏?null 鏂囨湰鎴栧彲鑳界殑 null 鍊艰浆鎹负涓嶅彲涓?null 绫诲瀷銆?[D:\Source Code\UotanToolboxNT\UotanToolbox\UotanToolbox.csproj]
D:\Source Code\UotanToolboxNT\UotanToolbox\Features\Advancedflash\AdvancedflashViewModel.cs(33,20): warning CS8618: 鍦ㄩ€€鍑烘瀯閫犲嚱鏁版椂锛屼笉鍙负 null 鐨?瀛楁 "command" 蹇呴』鍖呭惈闈?null 鍊笺€傝鑰冭檻娣诲姞 "required" 淇グ绗︽垨灏嗚 瀛楁 澹版槑涓哄彲涓?null銆?[D:\Source Code\UotanToolboxNT\UotanToolbox\UotanToolbox.csproj]
D:\Source Code\UotanToolboxNT\UotanToolbox\Features\Advancedflash\AdvancedflashViewModel.cs(36,20): warning CS8618: 鍦ㄩ€€鍑烘瀯閫犲嚱鏁版椂锛屼笉鍙负 null 鐨?瀛楁 "size" 蹇呴』鍖呭惈闈?null 鍊笺€傝鑰冭檻娣诲姞 "required" 淇グ绗︽垨灏嗚 瀛楁 澹版槑涓哄彲涓?null銆?[D:\Source Code\UotanToolboxNT\UotanToolbox\UotanToolbox.csproj]
D:\Source Code\UotanToolboxNT\UotanToolbox\Features\Advancedflash\AdvancedflashViewModel.cs(39,20): warning CS8618: 鍦ㄩ€€鍑烘瀯閫犲嚱鏁版椂锛屼笉鍙负 null 鐨?瀛楁 "name" 蹇呴』鍖呭惈闈?null 鍊笺€傝鑰冭檻娣诲姞 "required" 淇グ绗︽垨灏嗚 瀛楁 澹版槑涓哄彲涓?null銆?[D:\Source Code\UotanToolboxNT\UotanToolbox\UotanToolbox.csproj]
D:\Source Code\UotanToolboxNT\UotanToolbox\Features\Advancedflash\AdvancedflashViewModel.cs(42,20): warning CS8618: 鍦ㄩ€€鍑烘瀯閫犲嚱鏁版椂锛屼笉鍙负 null 鐨?瀛楁 "fileName" 蹇呴』鍖呭惈闈?null 鍊笺€傝鑰冭檻娣诲姞 "required" 淇グ绗︽垨灏嗚 瀛楁 澹版槑涓哄彲涓?null銆?[D:\Source Code\UotanToolboxNT\UotanToolbox\UotanToolbox.csproj]
D:\Source Code\UotanToolboxNT\UotanToolbox\Features\Advancedflash\AdvancedflashViewModel.cs(45,20): warning CS8618: 鍦ㄩ€€鍑烘瀯閫犲嚱鏁版椂锛屼笉鍙负 null 鐨?瀛楁 "fullFilePath" 蹇呴』鍖呭惈闈?null 鍊笺€傝鑰冭檻娣诲姞 "required" 淇グ绗︽垨灏嗚 瀛楁 澹版槑涓哄彲涓?null銆?[D:\Source Code\UotanToolboxNT\UotanToolbox\UotanToolbox.csproj]
D:\Source Code\UotanToolboxNT\UotanToolbox\Features\Appmgr\AppmgrViewModel.cs(51,84): warning CS8602: 瑙ｅ紩鐢ㄥ彲鑳藉嚭鐜扮┖寮曠敤銆?[D:\Source Code\UotanToolboxNT\UotanToolbox\UotanToolbox.csproj]
D:\Source Code\UotanToolboxNT\UotanToolbox\Features\Appmgr\AppmgrView.axaml.cs(78,60): warning CS8600: 灏?null 鏂囨湰鎴栧彲鑳界殑 null 鍊艰浆鎹负涓嶅彲涓?null 绫诲瀷銆?[D:\Source Code\UotanToolboxNT\UotanToolbox\UotanToolbox.csproj]
D:\Source Code\UotanToolboxNT\UotanToolbox\Features\Appmgr\AppmgrView.axaml.cs(82,31): warning CS8600: 灏?null 鏂囨湰鎴栧彲鑳界殑 null 鍊艰浆鎹负涓嶅彲涓?null 绫诲瀷銆?[D:\Source Code\UotanToolboxNT\UotanToolbox\UotanToolbox.csproj]
D:\Source Code\UotanToolboxNT\UotanToolbox\MainViewModel.cs(64,79): warning CS8601: 鍙兘鐨?null 寮曠敤璧嬪€笺€?[D:\Source Code\UotanToolboxNT\UotanToolbox\UotanToolbox.csproj]
D:\Source Code\UotanToolboxNT\UotanToolbox\MainViewModel.cs(55,12): warning CS8618: 鍦ㄩ€€鍑烘瀯閫犲嚱鏁版椂锛屼笉鍙负 null 鐨?瀛楁 "_customShaderFile" 蹇呴』鍖呭惈闈?null 鍊笺€傝鑰冭檻娣诲姞 "required" 淇グ绗︽垨灏嗚 瀛楁 澹版槑涓哄彲涓?null銆?[D:\Source Code\UotanToolboxNT\UotanToolbox\UotanToolbox.csproj]
D:\Source Code\UotanToolboxNT\UotanToolbox\Common\FrpHelper.cs(17,36): warning CS8618: 鍦ㄩ€€鍑烘瀯閫犲嚱鏁版椂锛屼笉鍙负 null 鐨?瀛楁 "dialogManager" 蹇呴』鍖呭惈闈?null 鍊笺€傝鑰冭檻娣诲姞 "required" 淇グ绗︽垨灏嗚 瀛楁 澹版槑涓哄彲涓?null銆?[D:\Source Code\UotanToolboxNT\UotanToolbox\UotanToolbox.csproj]
D:\Source Code\UotanToolboxNT\UotanToolbox\Features\Wiredflash\WiredflashView.axaml.cs(190,29): warning CS8600: 灏?null 鏂囨湰鎴栧彲鑳界殑 null 鍊艰浆鎹负涓嶅彲涓?null 绫诲瀷銆?[D:\Source Code\UotanToolboxNT\UotanToolbox\UotanToolbox.csproj]
D:\Source Code\UotanToolboxNT\UotanToolbox\Features\Wiredflash\WiredflashView.axaml.cs(191,78): warning CS8602: 瑙ｅ紩鐢ㄥ彲鑳藉嚭鐜扮┖寮曠敤銆?[D:\Source Code\UotanToolboxNT\UotanToolbox\UotanToolbox.csproj]
D:\Source Code\UotanToolboxNT\UotanToolbox\Features\Wiredflash\WiredflashView.axaml.cs(205,29): warning CS8600: 灏?null 鏂囨湰鎴栧彲鑳界殑 null 鍊艰浆鎹负涓嶅彲涓?null 绫诲瀷銆?[D:\Source Code\UotanToolboxNT\UotanToolbox\UotanToolbox.csproj]
D:\Source Code\UotanToolboxNT\UotanToolbox\Features\Wiredflash\WiredflashView.axaml.cs(206,78): warning CS8602: 瑙ｅ紩鐢ㄥ彲鑳藉嚭鐜扮┖寮曠敤銆?[D:\Source Code\UotanToolboxNT\UotanToolbox\UotanToolbox.csproj]
D:\Source Code\UotanToolboxNT\UotanToolbox\Features\Basicflash\BasicflashView.axaml.cs(126,25): warning CS8602: 瑙ｅ紩鐢ㄥ彲鑳藉嚭鐜扮┖寮曠敤銆?[D:\Source Code\UotanToolboxNT\UotanToolbox\UotanToolbox.csproj]
D:\Source Code\UotanToolboxNT\UotanToolbox\Common\FileHelper.cs(120,24): warning CS8603: 鍙兘杩斿洖 null 寮曠敤銆?[D:\Source Code\UotanToolboxNT\UotanToolbox\UotanToolbox.csproj]
D:\Source Code\UotanToolboxNT\UotanToolbox\Common\StringHelper.cs(368,33): warning CS8600: 灏?null 鏂囨湰鎴栧彲鑳界殑 null 鍊艰浆鎹负涓嶅彲涓?null 绫诲瀷銆?[D:\Source Code\UotanToolboxNT\UotanToolbox\UotanToolbox.csproj]
D:\Source Code\UotanToolboxNT\UotanToolbox\Features\Customizedflash\CustomizedflashView.axaml.cs(63,29): warning CS8600: 灏?null 鏂囨湰鎴栧彲鑳界殑 null 鍊艰浆鎹负涓嶅彲涓?null 绫诲瀷銆?[D:\Source Code\UotanToolboxNT\UotanToolbox\UotanToolbox.csproj]
D:\Source Code\UotanToolboxNT\UotanToolbox\Features\Customizedflash\CustomizedflashView.axaml.cs(64,78): warning CS8602: 瑙ｅ紩鐢ㄥ彲鑳藉嚭鐜扮┖寮曠敤銆?[D:\Source Code\UotanToolboxNT\UotanToolbox\UotanToolbox.csproj]
D:\Source Code\UotanToolboxNT\UotanToolbox\Common\StringHelper.cs(381,33): warning CS8600: 灏?null 鏂囨湰鎴栧彲鑳界殑 null 鍊艰浆鎹负涓嶅彲涓?null 绫诲瀷銆?[D:\Source Code\UotanToolboxNT\UotanToolbox\UotanToolbox.csproj]
D:\Source Code\UotanToolboxNT\UotanToolbox\Features\Customizedflash\FlashVbmetaDialogView.axaml.cs(30,26): warning CS8602: 瑙ｅ紩鐢ㄥ彲鑳藉嚭鐜扮┖寮曠敤銆?[D:\Source Code\UotanToolboxNT\UotanToolbox\UotanToolbox.csproj]
D:\Source Code\UotanToolboxNT\UotanToolbox\Features\Customizedflash\FlashVbmetaDialogView.axaml.cs(30,26): warning CS8600: 灏?null 鏂囨湰鎴栧彲鑳界殑 null 鍊艰浆鎹负涓嶅彲涓?null 绫诲瀷銆?[D:\Source Code\UotanToolboxNT\UotanToolbox\UotanToolbox.csproj]
D:\Source Code\UotanToolboxNT\UotanToolbox\Features\Customizedflash\FlashVbmetaDialogView.axaml.cs(31,29): warning CS8600: 灏?null 鏂囨湰鎴栧彲鑳界殑 null 鍊艰浆鎹负涓嶅彲涓?null 绫诲瀷銆?[D:\Source Code\UotanToolboxNT\UotanToolbox\UotanToolbox.csproj]
D:\Source Code\UotanToolboxNT\UotanToolbox\Features\Customizedflash\FlashVbmetaDialogView.axaml.cs(32,78): warning CS8602: 瑙ｅ紩鐢ㄥ彲鑳藉嚭鐜扮┖寮曠敤銆?[D:\Source Code\UotanToolboxNT\UotanToolbox\UotanToolbox.csproj]
D:\Source Code\UotanToolboxNT\UotanToolbox\Features\Customizedflash\FlashVbmetaDialogView.axaml.cs(45,27): warning CS8602: 瑙ｅ紩鐢ㄥ彲鑳藉嚭鐜扮┖寮曠敤銆?[D:\Source Code\UotanToolboxNT\UotanToolbox\UotanToolbox.csproj]
D:\Source Code\UotanToolboxNT\UotanToolbox\Features\Filemgr\FilemgrViewModel.cs(661,19): warning CS8618: 鍦ㄩ€€鍑烘瀯閫犲嚱鏁版椂锛屼笉鍙负 null 鐨?灞炴€?"Name" 蹇呴』鍖呭惈闈?null 鍊笺€傝鑰冭檻娣诲姞 "required" 淇グ绗︽垨灏嗚 灞炴€?澹版槑涓哄彲涓?null銆?[D:\Source Code\UotanToolboxNT\UotanToolbox\UotanToolbox.csproj]
D:\Source Code\UotanToolboxNT\UotanToolbox\Features\Filemgr\FilemgrViewModel.cs(667,19): warning CS8618: 鍦ㄩ€€鍑烘瀯閫犲嚱鏁版椂锛屼笉鍙负 null 鐨?灞炴€?"Path" 蹇呴』鍖呭惈闈?null 鍊笺€傝鑰冭檻娣诲姞 "required" 淇グ绗︽垨灏嗚 灞炴€?澹版槑涓哄彲涓?null銆?[D:\Source Code\UotanToolboxNT\UotanToolbox\UotanToolbox.csproj]
D:\Source Code\UotanToolboxNT\UotanToolbox\Features\Basicflash\BasicflashView.axaml.cs(336,87): warning CS8604: 鈥淭ask<string> BasicflashView.Fastboot(string deviceId, string cmd)鈥濅腑鐨勫舰鍙傗€渃md鈥濆彲鑳戒紶鍏?null 寮曠敤瀹炲弬銆?[D:\Source Code\UotanToolboxNT\UotanToolbox\UotanToolbox.csproj]
D:\Source Code\UotanToolboxNT\UotanToolbox\Features\Customizedflash\CustomizedflashView.axaml.cs(127,29): warning CS8600: 灏?null 鏂囨湰鎴栧彲鑳界殑 null 鍊艰浆鎹负涓嶅彲涓?null 绫诲瀷銆?[D:\Source Code\UotanToolboxNT\UotanToolbox\UotanToolbox.csproj]
D:\Source Code\UotanToolboxNT\UotanToolbox\Features\Customizedflash\CustomizedflashView.axaml.cs(128,78): warning CS8602: 瑙ｅ紩鐢ㄥ彲鑳藉嚭鐜扮┖寮曠敤銆?[D:\Source Code\UotanToolboxNT\UotanToolbox\UotanToolbox.csproj]
D:\Source Code\UotanToolboxNT\UotanToolbox\Features\Filemgr\FilemgrViewModel.cs(94,12): warning CS8618: 鍦ㄩ€€鍑烘瀯閫犲嚱鏁版椂锛屼笉鍙负 null 鐨?瀛楁 "_selectedFile" 蹇呴』鍖呭惈闈?null 鍊笺€傝鑰冭檻娣诲姞 "required" 淇グ绗︽垨灏嗚 瀛楁 澹版槑涓哄彲涓?null銆?[D:\Source Code\UotanToolboxNT\UotanToolbox\UotanToolbox.csproj]
D:\Source Code\UotanToolboxNT\UotanToolbox\Features\Customizedflash\FlashVbmetaDialogView.axaml.cs(58,9): warning CS8602: 瑙ｅ紩鐢ㄥ彲鑳藉嚭鐜扮┖寮曠敤銆?[D:\Source Code\UotanToolboxNT\UotanToolbox\UotanToolbox.csproj]
D:\Source Code\UotanToolboxNT\UotanToolbox\Features\Basicflash\BasicflashView.axaml.cs(382,29): warning CS8600: 灏?null 鏂囨湰鎴栧彲鑳界殑 null 鍊艰浆鎹负涓嶅彲涓?null 绫诲瀷銆?[D:\Source Code\UotanToolboxNT\UotanToolbox\UotanToolbox.csproj]
D:\Source Code\UotanToolboxNT\UotanToolbox\Features\Basicflash\BasicflashView.axaml.cs(383,78): warning CS8602: 瑙ｅ紩鐢ㄥ彲鑳藉嚭鐜扮┖寮曠敤銆?[D:\Source Code\UotanToolboxNT\UotanToolbox\UotanToolbox.csproj]
D:\Source Code\UotanToolboxNT\UotanToolbox\Common\StringHelper.cs(437,33): warning CS8600: 灏?null 鏂囨湰鎴栧彲鑳界殑 null 鍊艰浆鎹负涓嶅彲涓?null 绫诲瀷銆?[D:\Source Code\UotanToolboxNT\UotanToolbox\UotanToolbox.csproj]
D:\Source Code\UotanToolboxNT\UotanToolbox\Common\GetDevicesInfo.cs(71,38): warning CS8625: 鏃犳硶灏?null 瀛楅潰閲忚浆鎹负闈?null 鐨勫紩鐢ㄧ被鍨嬨€?[D:\Source Code\UotanToolboxNT\UotanToolbox\UotanToolbox.csproj]
D:\Source Code\UotanToolboxNT\UotanToolbox\Common\GetDevicesInfo.cs(99,38): warning CS8625: 鏃犳硶灏?null 瀛楅潰閲忚浆鎹负闈?null 鐨勫紩鐢ㄧ被鍨嬨€?[D:\Source Code\UotanToolboxNT\UotanToolbox\UotanToolbox.csproj]
D:\Source Code\UotanToolboxNT\UotanToolbox\Features\Customizedflash\CustomizedflashView.axaml.cs(189,29): warning CS8600: 灏?null 鏂囨湰鎴栧彲鑳界殑 null 鍊艰浆鎹负涓嶅彲涓?null 绫诲瀷銆?[D:\Source Code\UotanToolboxNT\UotanToolbox\UotanToolbox.csproj]
D:\Source Code\UotanToolboxNT\UotanToolbox\Features\Customizedflash\CustomizedflashView.axaml.cs(190,78): warning CS8602: 瑙ｅ紩鐢ㄥ彲鑳藉嚭鐜扮┖寮曠敤銆?[D:\Source Code\UotanToolboxNT\UotanToolbox\UotanToolbox.csproj]
D:\Source Code\UotanToolboxNT\UotanToolbox\Common\FileHelper.cs(272,38): warning CS8601: 鍙兘鐨?null 寮曠敤璧嬪€笺€?[D:\Source Code\UotanToolboxNT\UotanToolbox\UotanToolbox.csproj]
D:\Source Code\UotanToolboxNT\UotanToolbox\Features\Customizedflash\CustomizedflashView.axaml.cs(251,29): warning CS8600: 灏?null 鏂囨湰鎴栧彲鑳界殑 null 鍊艰浆鎹负涓嶅彲涓?null 绫诲瀷銆?[D:\Source Code\UotanToolboxNT\UotanToolbox\UotanToolbox.csproj]
D:\Source Code\UotanToolboxNT\UotanToolbox\Features\Customizedflash\CustomizedflashView.axaml.cs(252,78): warning CS8602: 瑙ｅ紩鐢ㄥ彲鑳藉嚭鐜扮┖寮曠敤銆?[D:\Source Code\UotanToolboxNT\UotanToolbox\UotanToolbox.csproj]
D:\Source Code\UotanToolboxNT\UotanToolbox\Common\FileHelper.cs(22,36): warning CS8618: 鍦ㄩ€€鍑烘瀯閫犲嚱鏁版椂锛屼笉鍙负 null 鐨?瀛楁 "dialogManager" 蹇呴』鍖呭惈闈?null 鍊笺€傝鑰冭檻娣诲姞 "required" 淇グ绗︽垨灏嗚 瀛楁 澹版槑涓哄彲涓?null銆?[D:\Source Code\UotanToolboxNT\UotanToolbox\UotanToolbox.csproj]
D:\Source Code\UotanToolboxNT\UotanToolbox\Common\StringHelper.cs(513,36): warning CS8600: 灏?null 鏂囨湰鎴栧彲鑳界殑 null 鍊艰浆鎹负涓嶅彲涓?null 绫诲瀷銆?[D:\Source Code\UotanToolboxNT\UotanToolbox\UotanToolbox.csproj]
D:\Source Code\UotanToolboxNT\UotanToolbox\Common\StringHelper.cs(522,28): warning CS8600: 灏?null 鏂囨湰鎴栧彲鑳界殑 null 鍊艰浆鎹负涓嶅彲涓?null 绫诲瀷銆?[D:\Source Code\UotanToolboxNT\UotanToolbox\UotanToolbox.csproj]
D:\Source Code\UotanToolboxNT\UotanToolbox\Common\StringHelper.cs(530,27): warning CS8600: 灏?null 鏂囨湰鎴栧彲鑳界殑 null 鍊艰浆鎹负涓嶅彲涓?null 绫诲瀷銆?[D:\Source Code\UotanToolboxNT\UotanToolbox\UotanToolbox.csproj]
D:\Source Code\UotanToolboxNT\UotanToolbox\Common\StringHelper.cs(538,29): warning CS8600: 灏?null 鏂囨湰鎴栧彲鑳界殑 null 鍊艰浆鎹负涓嶅彲涓?null 绫诲瀷銆?[D:\Source Code\UotanToolboxNT\UotanToolbox\UotanToolbox.csproj]
D:\Source Code\UotanToolboxNT\UotanToolbox\Common\StringHelper.cs(559,20): warning CS8603: 鍙兘杩斿洖 null 寮曠敤銆?[D:\Source Code\UotanToolboxNT\UotanToolbox\UotanToolbox.csproj]
D:\Source Code\UotanToolboxNT\UotanToolbox\Features\Customizedflash\CustomizedflashView.axaml.cs(313,29): warning CS8600: 灏?null 鏂囨湰鎴栧彲鑳界殑 null 鍊艰浆鎹负涓嶅彲涓?null 绫诲瀷銆?[D:\Source Code\UotanToolboxNT\UotanToolbox\UotanToolbox.csproj]
D:\Source Code\UotanToolboxNT\UotanToolbox\Features\Customizedflash\CustomizedflashView.axaml.cs(314,78): warning CS8602: 瑙ｅ紩鐢ㄥ彲鑳藉嚭鐜扮┖寮曠敤銆?[D:\Source Code\UotanToolboxNT\UotanToolbox\UotanToolbox.csproj]
D:\Source Code\UotanToolboxNT\UotanToolbox\Features\Customizedflash\CustomizedflashView.axaml.cs(375,29): warning CS8600: 灏?null 鏂囨湰鎴栧彲鑳界殑 null 鍊艰浆鎹负涓嶅彲涓?null 绫诲瀷銆?[D:\Source Code\UotanToolboxNT\UotanToolbox\UotanToolbox.csproj]
D:\Source Code\UotanToolboxNT\UotanToolbox\Features\Customizedflash\CustomizedflashView.axaml.cs(376,78): warning CS8602: 瑙ｅ紩鐢ㄥ彲鑳藉嚭鐜扮┖寮曠敤銆?[D:\Source Code\UotanToolboxNT\UotanToolbox\UotanToolbox.csproj]
D:\Source Code\UotanToolboxNT\UotanToolbox\Common\StringHelper.cs(631,28): warning CS8603: 鍙兘杩斿洖 null 寮曠敤銆?[D:\Source Code\UotanToolboxNT\UotanToolbox\UotanToolbox.csproj]
D:\Source Code\UotanToolboxNT\UotanToolbox\Common\StringHelper.cs(637,24): warning CS8603: 鍙兘杩斿洖 null 寮曠敤銆?[D:\Source Code\UotanToolboxNT\UotanToolbox\UotanToolbox.csproj]
D:\Source Code\UotanToolboxNT\UotanToolbox\Common\StringHelper.cs(642,24): warning CS8603: 鍙兘杩斿洖 null 寮曠敤銆?[D:\Source Code\UotanToolboxNT\UotanToolbox\UotanToolbox.csproj]
D:\Source Code\UotanToolboxNT\UotanToolbox\Common\QcomHelper\modules\Oneplus.cs(138,32): warning CS8603: 鍙兘杩斿洖 null 寮曠敤銆?[D:\Source Code\UotanToolboxNT\UotanToolbox\UotanToolbox.csproj]
D:\Source Code\UotanToolboxNT\UotanToolbox\Features\Basicflash\BasicflashView.axaml.cs(570,68): warning CS8604: 鈥淭ask<string> FeaturesHelper.AdbCmd(string deviceId, string cmd)鈥濅腑鐨勫舰鍙傗€渃md鈥濆彲鑳戒紶鍏?null 寮曠敤瀹炲弬銆?[D:\Source Code\UotanToolboxNT\UotanToolbox\UotanToolbox.csproj]
D:\Source Code\UotanToolboxNT\UotanToolbox\Features\Customizedflash\CustomizedflashView.axaml.cs(437,29): warning CS8600: 灏?null 鏂囨湰鎴栧彲鑳界殑 null 鍊艰浆鎹负涓嶅彲涓?null 绫诲瀷銆?[D:\Source Code\UotanToolboxNT\UotanToolbox\UotanToolbox.csproj]
D:\Source Code\UotanToolboxNT\UotanToolbox\Features\Customizedflash\CustomizedflashView.axaml.cs(438,78): warning CS8602: 瑙ｅ紩鐢ㄥ彲鑳藉嚭鐜扮┖寮曠敤銆?[D:\Source Code\UotanToolboxNT\UotanToolbox\UotanToolbox.csproj]
D:\Source Code\UotanToolboxNT\UotanToolbox\Common\StringHelper.cs(745,20): warning CS8603: 鍙兘杩斿洖 null 寮曠敤銆?[D:\Source Code\UotanToolboxNT\UotanToolbox\UotanToolbox.csproj]
D:\Source Code\UotanToolboxNT\UotanToolbox\Common\StringHelper.cs(41,36): warning CS8618: 鍦ㄩ€€鍑烘瀯閫犲嚱鏁版椂锛屼笉鍙负 null 鐨?瀛楁 "dialogManager" 蹇呴』鍖呭惈闈?null 鍊笺€傝鑰冭檻娣诲姞 "required" 淇グ绗︽垨灏嗚 瀛楁 澹版槑涓哄彲涓?null銆?[D:\Source Code\UotanToolboxNT\UotanToolbox\UotanToolbox.csproj]
D:\Source Code\UotanToolboxNT\UotanToolbox\Features\Basicflash\BasicflashView.axaml.cs(613,33): warning CS8600: 灏?null 鏂囨湰鎴栧彲鑳界殑 null 鍊艰浆鎹负涓嶅彲涓?null 绫诲瀷銆?[D:\Source Code\UotanToolboxNT\UotanToolbox\UotanToolbox.csproj]
D:\Source Code\UotanToolboxNT\UotanToolbox\Features\Basicflash\BasicflashView.axaml.cs(614,82): warning CS8602: 瑙ｅ紩鐢ㄥ彲鑳藉嚭鐜扮┖寮曠敤銆?[D:\Source Code\UotanToolboxNT\UotanToolbox\UotanToolbox.csproj]
D:\Source Code\UotanToolboxNT\UotanToolbox\Features\Basicflash\BasicflashView.axaml.cs(626,61): warning CS8604: 鈥淭ask<PatchInfo> PatchDetect.Patch_Detect(string path)鈥濅腑鐨勫舰鍙傗€減ath鈥濆彲鑳戒紶鍏?null 寮曠敤瀹炲弬銆?[D:\Source Code\UotanToolboxNT\UotanToolbox\UotanToolbox.csproj]
D:\Source Code\UotanToolboxNT\UotanToolbox\Common\QcomHelper\modules\Oneplus.cs(195,32): warning CS8603: 鍙兘杩斿洖 null 寮曠敤銆?[D:\Source Code\UotanToolboxNT\UotanToolbox\UotanToolbox.csproj]
D:\Source Code\UotanToolboxNT\UotanToolbox\Features\Customizedflash\CustomizedflashView.axaml.cs(499,29): warning CS8600: 灏?null 鏂囨湰鎴栧彲鑳界殑 null 鍊艰浆鎹负涓嶅彲涓?null 绫诲瀷銆?[D:\Source Code\UotanToolboxNT\UotanToolbox\UotanToolbox.csproj]
D:\Source Code\UotanToolboxNT\UotanToolbox\Features\Customizedflash\CustomizedflashView.axaml.cs(500,78): warning CS8602: 瑙ｅ紩鐢ㄥ彲鑳藉嚭鐜扮┖寮曠敤銆?[D:\Source Code\UotanToolboxNT\UotanToolbox\UotanToolbox.csproj]
D:\Source Code\UotanToolboxNT\UotanToolbox\Common\PatchHelper\KernelSUPatch.cs(31,43): warning CS8604: 鈥渟tring Path.Combine(string path1, string path2)鈥濅腑鐨勫舰鍙傗€減ath1鈥濆彲鑳戒紶鍏?null 寮曠敤瀹炲弬銆?[D:\Source Code\UotanToolboxNT\UotanToolbox\UotanToolbox.csproj]
D:\Source Code\UotanToolboxNT\UotanToolbox\Features\Basicflash\BasicflashView.axaml.cs(656,33): warning CS8600: 灏?null 鏂囨湰鎴栧彲鑳界殑 null 鍊艰浆鎹负涓嶅彲涓?null 绫诲瀷銆?[D:\Source Code\UotanToolboxNT\UotanToolbox\UotanToolbox.csproj]
D:\Source Code\UotanToolboxNT\UotanToolbox\Features\Basicflash\BasicflashView.axaml.cs(657,82): warning CS8602: 瑙ｅ紩鐢ㄥ彲鑳藉嚭鐜扮┖寮曠敤銆?[D:\Source Code\UotanToolboxNT\UotanToolbox\UotanToolbox.csproj]
D:\Source Code\UotanToolboxNT\UotanToolbox\Features\Basicflash\BasicflashView.axaml.cs(669,61): warning CS8604: 鈥淭ask<BootInfo> ImageDetect.Boot_Detect(string path)鈥濅腑鐨勫舰鍙傗€減ath鈥濆彲鑳戒紶鍏?null 寮曠敤瀹炲弬銆?[D:\Source Code\UotanToolboxNT\UotanToolbox\UotanToolbox.csproj]
D:\Source Code\UotanToolboxNT\UotanToolbox\Features\Customizedflash\CustomizedflashView.axaml.cs(561,29): warning CS8600: 灏?null 鏂囨湰鎴栧彲鑳界殑 null 鍊艰浆鎹负涓嶅彲涓?null 绫诲瀷銆?[D:\Source Code\UotanToolboxNT\UotanToolbox\UotanToolbox.csproj]
D:\Source Code\UotanToolboxNT\UotanToolbox\Features\Customizedflash\CustomizedflashView.axaml.cs(562,78): warning CS8602: 瑙ｅ紩鐢ㄥ彲鑳藉嚭鐜扮┖寮曠敤銆?[D:\Source Code\UotanToolboxNT\UotanToolbox\UotanToolbox.csproj]
D:\Source Code\UotanToolboxNT\UotanToolbox\Common\PatchHelper\MagiskPatch.cs(70,44): warning CS8604: 鈥渟tring Path.Combine(string path1, string path2)鈥濅腑鐨勫舰鍙傗€減ath1鈥濆彲鑳戒紶鍏?null 寮曠敤瀹炲弬銆?[D:\Source Code\UotanToolboxNT\UotanToolbox\UotanToolbox.csproj]
D:\Source Code\UotanToolboxNT\UotanToolbox\Common\PatchHelper\MagiskPatch.cs(93,20): warning CS8602: 瑙ｅ紩鐢ㄥ彲鑳藉嚭鐜扮┖寮曠敤銆?[D:\Source Code\UotanToolboxNT\UotanToolbox\UotanToolbox.csproj]
D:\Source Code\UotanToolboxNT\UotanToolbox\Common\PatchHelper\MagiskPatch.cs(93,20): warning CS8603: 鍙兘杩斿洖 null 寮曠敤銆?[D:\Source Code\UotanToolboxNT\UotanToolbox\UotanToolbox.csproj]
D:\Source Code\UotanToolboxNT\UotanToolbox\Features\Basicflash\BasicflashView.axaml.cs(694,46): warning CS8629: 鍙负 null 鐨勫€肩被鍨嬪彲涓?null銆?[D:\Source Code\UotanToolboxNT\UotanToolbox\UotanToolbox.csproj]
D:\Source Code\UotanToolboxNT\UotanToolbox\Features\Basicflash\BasicflashView.axaml.cs(695,52): warning CS8629: 鍙负 null 鐨勫€肩被鍨嬪彲涓?null銆?[D:\Source Code\UotanToolboxNT\UotanToolbox\UotanToolbox.csproj]
D:\Source Code\UotanToolboxNT\UotanToolbox\Features\Basicflash\BasicflashView.axaml.cs(696,51): warning CS8629: 鍙负 null 鐨勫€肩被鍨嬪彲涓?null銆?[D:\Source Code\UotanToolboxNT\UotanToolbox\UotanToolbox.csproj]
D:\Source Code\UotanToolboxNT\UotanToolbox\Features\Basicflash\BasicflashView.axaml.cs(697,48): warning CS8629: 鍙负 null 鐨勫€肩被鍨嬪彲涓?null銆?[D:\Source Code\UotanToolboxNT\UotanToolbox\UotanToolbox.csproj]
D:\Source Code\UotanToolboxNT\UotanToolbox\Features\Basicflash\BasicflashView.axaml.cs(698,45): warning CS8629: 鍙负 null 鐨勫€肩被鍨嬪彲涓?null銆?[D:\Source Code\UotanToolboxNT\UotanToolbox\UotanToolbox.csproj]
D:\Source Code\UotanToolboxNT\UotanToolbox\Features\Basicflash\BasicflashView.axaml.cs(713,65): warning CS8604: 鈥淭ask<PatchInfo> PatchDetect.Patch_Detect(string path)鈥濅腑鐨勫舰鍙傗€減ath鈥濆彲鑳戒紶鍏?null 寮曠敤瀹炲弬銆?[D:\Source Code\UotanToolboxNT\UotanToolbox\UotanToolbox.csproj]
D:\Source Code\UotanToolboxNT\UotanToolbox\Features\Basicflash\BasicflashView.axaml.cs(716,30): warning CS8600: 灏?null 鏂囨湰鎴栧彲鑳界殑 null 鍊艰浆鎹负涓嶅彲涓?null 绫诲瀷銆?[D:\Source Code\UotanToolboxNT\UotanToolbox\UotanToolbox.csproj]
D:\Source Code\UotanToolboxNT\UotanToolbox\Features\Basicflash\BasicflashView.axaml.cs(736,61): warning CS8604: 鈥淭ask BasicflashView.FlashBoot(string boot, string part)鈥濅腑鐨勫舰鍙傗€渂oot鈥濆彲鑳戒紶鍏?null 寮曠敤瀹炲弬銆?[D:\Source Code\UotanToolboxNT\UotanToolbox\UotanToolbox.csproj]
D:\Source Code\UotanToolboxNT\UotanToolbox\Features\Basicflash\BasicflashView.axaml.cs(737,80): warning CS8604: 鈥渟tring Path.Combine(params ReadOnlySpan<string> paths)鈥濅腑鐨勫舰鍙傗€減aths鈥濆彲鑳戒紶鍏?null 寮曠敤瀹炲弬銆?[D:\Source Code\UotanToolboxNT\UotanToolbox\UotanToolbox.csproj]
D:\Source Code\UotanToolboxNT\UotanToolbox\Features\Basicflash\BasicflashView.axaml.cs(741,80): warning CS8604: 鈥渟tring Path.Combine(params ReadOnlySpan<string> paths)鈥濅腑鐨勫舰鍙傗€減aths鈥濆彲鑳戒紶鍏?null 寮曠敤瀹炲弬銆?[D:\Source Code\UotanToolboxNT\UotanToolbox\UotanToolbox.csproj]
D:\Source Code\UotanToolboxNT\UotanToolbox\Common\PatchHelper\KernelSUPatch.cs(67,43): warning CS8604: 鈥渟tring Path.Combine(string path1, string path2)鈥濅腑鐨勫舰鍙傗€減ath1鈥濆彲鑳戒紶鍏?null 寮曠敤瀹炲弬銆?[D:\Source Code\UotanToolboxNT\UotanToolbox\UotanToolbox.csproj]
D:\Source Code\UotanToolboxNT\UotanToolbox\Common\PatchHelper\MagiskPatch.cs(136,43): warning CS8604: 鈥渟tring Path.Combine(string path1, string path2)鈥濅腑鐨勫舰鍙傗€減ath1鈥濆彲鑳戒紶鍏?null 寮曠敤瀹炲弬銆?[D:\Source Code\UotanToolboxNT\UotanToolbox\UotanToolbox.csproj]
D:\Source Code\UotanToolboxNT\UotanToolbox\Features\Home\HomeViewModel.cs(48,12): warning CS8618: 鍦ㄩ€€鍑烘瀯閫犲嚱鏁版椂锛屼笉鍙负 null 鐨?灞炴€?"DemoPages" 蹇呴』鍖呭惈闈?null 鍊笺€傝鑰冭檻娣诲姞 "required" 淇グ绗︽垨灏嗚 灞炴€?澹版槑涓哄彲涓?null銆?[D:\Source Code\UotanToolboxNT\UotanToolbox\UotanToolbox.csproj]
D:\Source Code\UotanToolboxNT\UotanToolbox\Features\Filemgr\FilemgrViewModel.cs(358,34): warning CS0618: 鈥淥penFolderDialog鈥濆凡杩囨椂:鈥淯se Window.StorageProvider API or TopLevel.StorageProvider API鈥?[D:\Source Code\UotanToolboxNT\UotanToolbox\UotanToolbox.csproj]
D:\Source Code\UotanToolboxNT\UotanToolbox\Features\Filemgr\FilemgrViewModel.cs(352,31): warning CS8602: 瑙ｅ紩鐢ㄥ彲鑳藉嚭鐜扮┖寮曠敤銆?[D:\Source Code\UotanToolboxNT\UotanToolbox\UotanToolbox.csproj]
D:\Source Code\UotanToolboxNT\UotanToolbox\Features\Filemgr\FilemgrViewModel.cs(356,32): warning CS8600: 灏?null 鏂囨湰鎴栧彲鑳界殑 null 鍊艰浆鎹负涓嶅彲涓?null 绫诲瀷銆?[D:\Source Code\UotanToolboxNT\UotanToolbox\UotanToolbox.csproj]
D:\Source Code\UotanToolboxNT\UotanToolbox\Common\PatchHelper\MagiskPatcher\Patcher.cs(814,89): warning CS8604: 鈥淭ask<(string Output, int ExitCode)> CallExternalProgram.MagiskBoot(string shell, string workpath)鈥濅腑鐨勫舰鍙傗€渨orkpath鈥濆彲鑳戒紶鍏?null 寮曠敤瀹炲弬銆?[D:\Source Code\UotanToolboxNT\UotanToolbox\UotanToolbox.csproj]
D:\Source Code\UotanToolboxNT\UotanToolbox\Features\Home\HomeView.axaml.cs(63,60): warning CS8600: 灏?null 鏂囨湰鎴栧彲鑳界殑 null 鍊艰浆鎹负涓嶅彲涓?null 绫诲瀷銆?[D:\Source Code\UotanToolboxNT\UotanToolbox\UotanToolbox.csproj]
D:\Source Code\UotanToolboxNT\UotanToolbox\Features\Home\HomeView.axaml.cs(67,31): warning CS8600: 灏?null 鏂囨湰鎴栧彲鑳界殑 null 鍊艰浆鎹负涓嶅彲涓?null 绫诲瀷銆?[D:\Source Code\UotanToolboxNT\UotanToolbox\UotanToolbox.csproj]
D:\Source Code\UotanToolboxNT\UotanToolbox\Features\Wiredflash\WiredflashView.axaml.cs(259,36): warning CS8600: 灏?null 鏂囨湰鎴栧彲鑳界殑 null 鍊艰浆鎹负涓嶅彲涓?null 绫诲瀷銆?[D:\Source Code\UotanToolboxNT\UotanToolbox\UotanToolbox.csproj]
D:\Source Code\UotanToolboxNT\UotanToolbox\Features\Wiredflash\WiredflashView.axaml.cs(260,37): warning CS8600: 灏?null 鏂囨湰鎴栧彲鑳界殑 null 鍊艰浆鎹负涓嶅彲涓?null 绫诲瀷銆?[D:\Source Code\UotanToolboxNT\UotanToolbox\UotanToolbox.csproj]
D:\Source Code\UotanToolboxNT\UotanToolbox\Features\Wiredflash\WiredflashView.axaml.cs(302,67): warning CS8604: 鈥渟tring Path.Combine(string path1, string path2)鈥濅腑鐨勫舰鍙傗€減ath1鈥濆彲鑳戒紶鍏?null 寮曠敤瀹炲弬銆?[D:\Source Code\UotanToolboxNT\UotanToolbox\UotanToolbox.csproj]
D:\Source Code\UotanToolboxNT\UotanToolbox\Features\Wiredflash\WiredflashView.axaml.cs(311,74): warning CS8629: 鍙负 null 鐨勫€肩被鍨嬪彲涓?null銆?[D:\Source Code\UotanToolboxNT\UotanToolbox\UotanToolbox.csproj]
D:\Source Code\UotanToolboxNT\UotanToolbox\Features\Wiredflash\WiredflashView.axaml.cs(322,76): warning CS8629: 鍙负 null 鐨勫€肩被鍨嬪彲涓?null銆?[D:\Source Code\UotanToolboxNT\UotanToolbox\UotanToolbox.csproj]
D:\Source Code\UotanToolboxNT\UotanToolbox\Features\Wiredflash\WiredflashView.axaml.cs(327,54): warning CS8600: 灏?null 鏂囨湰鎴栧彲鑳界殑 null 鍊艰浆鎹负涓嶅彲涓?null 绫诲瀷銆?[D:\Source Code\UotanToolboxNT\UotanToolbox\UotanToolbox.csproj]
D:\Source Code\UotanToolboxNT\UotanToolbox\Features\Wiredflash\WiredflashView.axaml.cs(342,80): warning CS8629: 鍙负 null 鐨勫€肩被鍨嬪彲涓?null銆?[D:\Source Code\UotanToolboxNT\UotanToolbox\UotanToolbox.csproj]
D:\Source Code\UotanToolboxNT\UotanToolbox\Features\Wiredflash\WiredflashView.axaml.cs(439,36): warning CS8600: 灏?null 鏂囨湰鎴栧彲鑳界殑 null 鍊艰浆鎹负涓嶅彲涓?null 绫诲瀷銆?[D:\Source Code\UotanToolboxNT\UotanToolbox\UotanToolbox.csproj]
D:\Source Code\UotanToolboxNT\UotanToolbox\Features\Wiredflash\WiredflashView.axaml.cs(530,86): warning CS8629: 鍙负 null 鐨勫€肩被鍨嬪彲涓?null銆?[D:\Source Code\UotanToolboxNT\UotanToolbox\UotanToolbox.csproj]
D:\Source Code\UotanToolboxNT\UotanToolbox\Features\Wiredflash\WiredflashView.axaml.cs(545,84): warning CS8629: 鍙负 null 鐨勫€肩被鍨嬪彲涓?null銆?[D:\Source Code\UotanToolboxNT\UotanToolbox\UotanToolbox.csproj]
D:\Source Code\UotanToolboxNT\UotanToolbox\Features\Wiredflash\WiredflashView.axaml.cs(624,29): warning CS8600: 灏?null 鏂囨湰鎴栧彲鑳界殑 null 鍊艰浆鎹负涓嶅彲涓?null 绫诲瀷銆?[D:\Source Code\UotanToolboxNT\UotanToolbox\UotanToolbox.csproj]
D:\Source Code\UotanToolboxNT\UotanToolbox\Features\Wiredflash\WiredflashView.axaml.cs(625,78): warning CS8602: 瑙ｅ紩鐢ㄥ彲鑳藉嚭鐜扮┖寮曠敤銆?[D:\Source Code\UotanToolboxNT\UotanToolbox\UotanToolbox.csproj]
D:\Source Code\UotanToolboxNT\UotanToolbox\Features\Wiredflash\WiredflashView.axaml.cs(639,29): warning CS8600: 灏?null 鏂囨湰鎴栧彲鑳界殑 null 鍊艰浆鎹负涓嶅彲涓?null 绫诲瀷銆?[D:\Source Code\UotanToolboxNT\UotanToolbox\UotanToolbox.csproj]
D:\Source Code\UotanToolboxNT\UotanToolbox\Features\Wiredflash\WiredflashView.axaml.cs(640,78): warning CS8602: 瑙ｅ紩鐢ㄥ彲鑳藉嚭鐜扮┖寮曠敤銆?[D:\Source Code\UotanToolboxNT\UotanToolbox\UotanToolbox.csproj]
D:\Source Code\UotanToolboxNT\UotanToolbox\Features\Home\HomeViewModel.cs(91,37): warning CS8600: 灏?null 鏂囨湰鎴栧彲鑳界殑 null 鍊艰浆鎹负涓嶅彲涓?null 绫诲瀷銆?[D:\Source Code\UotanToolboxNT\UotanToolbox\UotanToolbox.csproj]
D:\Source Code\UotanToolboxNT\UotanToolbox\Features\Home\HomeViewModel.cs(93,30): warning CS8602: 瑙ｅ紩鐢ㄥ彲鑳藉嚭鐜扮┖寮曠敤銆?[D:\Source Code\UotanToolboxNT\UotanToolbox\UotanToolbox.csproj]
D:\Source Code\UotanToolboxNT\UotanToolbox\Features\Filemgr\FilemgrViewModel.cs(450,95): warning CS8625: 鏃犳硶灏?null 瀛楅潰閲忚浆鎹负闈?null 鐨勫紩鐢ㄧ被鍨嬨€?[D:\Source Code\UotanToolboxNT\UotanToolbox\UotanToolbox.csproj]
D:\Source Code\UotanToolboxNT\UotanToolbox\Features\Wiredflash\WiredflashView.axaml.cs(655,33): warning CS8600: 灏?null 鏂囨湰鎴栧彲鑳界殑 null 鍊艰浆鎹负涓嶅彲涓?null 绫诲瀷銆?[D:\Source Code\UotanToolboxNT\UotanToolbox\UotanToolbox.csproj]
D:\Source Code\UotanToolboxNT\UotanToolbox\Features\Wiredflash\WiredflashView.axaml.cs(656,82): warning CS8602: 瑙ｅ紩鐢ㄥ彲鑳藉嚭鐜扮┖寮曠敤銆?[D:\Source Code\UotanToolboxNT\UotanToolbox\UotanToolbox.csproj]
D:\Source Code\UotanToolboxNT\UotanToolbox\Features\Wiredflash\WiredflashView.axaml.cs(665,53): warning CS8604: 鈥渟tring FileHelper.Readtxt(string path)鈥濅腑鐨勫舰鍙傗€減ath鈥濆彲鑳戒紶鍏?null 寮曠敤瀹炲弬銆?[D:\Source Code\UotanToolboxNT\UotanToolbox\UotanToolbox.csproj]
D:\Source Code\UotanToolboxNT\UotanToolbox\Features\Wiredflash\WiredflashView.axaml.cs(680,33): warning CS8600: 灏?null 鏂囨湰鎴栧彲鑳界殑 null 鍊艰浆鎹负涓嶅彲涓?null 绫诲瀷銆?[D:\Source Code\UotanToolboxNT\UotanToolbox\UotanToolbox.csproj]
D:\Source Code\UotanToolboxNT\UotanToolbox\Features\Wiredflash\WiredflashView.axaml.cs(681,82): warning CS8602: 瑙ｅ紩鐢ㄥ彲鑳藉嚭鐜扮┖寮曠敤銆?[D:\Source Code\UotanToolboxNT\UotanToolbox\UotanToolbox.csproj]
D:\Source Code\UotanToolboxNT\UotanToolbox\Features\Wiredflash\WiredflashView.axaml.cs(690,53): warning CS8604: 鈥渟tring FileHelper.Readtxt(string path)鈥濅腑鐨勫舰鍙傗€減ath鈥濆彲鑳戒紶鍏?null 寮曠敤瀹炲弬銆?[D:\Source Code\UotanToolboxNT\UotanToolbox\UotanToolbox.csproj]
D:\Source Code\UotanToolboxNT\UotanToolbox\Features\Scrcpy\ScrcpyViewModel.cs(38,12): warning CS8618: 鍦ㄩ€€鍑烘瀯閫犲嚱鏁版椂锛屼笉鍙负 null 鐨?瀛楁 "_windowTitle" 蹇呴』鍖呭惈闈?null 鍊笺€傝鑰冭檻娣诲姞 "required" 淇グ绗︽垨灏嗚 瀛楁 澹版槑涓哄彲涓?null銆?[D:\Source Code\UotanToolboxNT\UotanToolbox\UotanToolbox.csproj]
D:\Source Code\UotanToolboxNT\UotanToolbox\Features\Scrcpy\ScrcpyViewModel.cs(38,12): warning CS8618: 鍦ㄩ€€鍑烘瀯閫犲嚱鏁版椂锛屼笉鍙负 null 鐨?瀛楁 "_recordFolder" 蹇呴』鍖呭惈闈?null 鍊笺€傝鑰冭檻娣诲姞 "required" 淇グ绗︽垨灏嗚 瀛楁 澹版槑涓哄彲涓?null銆?[D:\Source Code\UotanToolboxNT\UotanToolbox\UotanToolbox.csproj]
D:\Source Code\UotanToolboxNT\UotanToolbox\Features\Scrcpy\ScrcpyViewModel.cs(38,12): warning CS8618: 鍦ㄩ€€鍑烘瀯閫犲嚱鏁版椂锛屼笉鍙负 null 鐨?瀛楁 "_virtualScreenPackage" 蹇呴』鍖呭惈闈?null 鍊笺€傝鑰冭檻娣诲姞 "required" 淇グ绗︽垨灏嗚 瀛楁 澹版槑涓哄彲涓?null銆?[D:\Source Code\UotanToolboxNT\UotanToolbox\UotanToolbox.csproj]
D:\Source Code\UotanToolboxNT\UotanToolbox\Features\Scrcpy\ScrcpyViewModel.cs(38,12): warning CS8618: 鍦ㄩ€€鍑烘瀯閫犲嚱鏁版椂锛屼笉鍙负 null 鐨?瀛楁 "_virtualScreenDisplaySize" 蹇呴』鍖呭惈闈?null 鍊笺€傝鑰冭檻娣诲姞 "required" 淇グ绗︽垨灏嗚 瀛楁 澹版槑涓哄彲涓?null銆?[D:\Source Code\UotanToolboxNT\UotanToolbox\UotanToolbox.csproj]
D:\Source Code\UotanToolboxNT\UotanToolbox\Features\Others\OthersView.axaml.cs(25,9): warning CS4014: 鐢变簬姝よ皟鐢ㄤ笉浼氱瓑寰咃紝鍥犳鍦ㄦ璋冪敤瀹屾垚涔嬪墠灏嗕細缁х画鎵ц褰撳墠鏂规硶銆傝鑰冭檻灏?"await" 杩愮畻绗﹀簲鐢ㄤ簬璋冪敤缁撴灉銆?[D:\Source Code\UotanToolboxNT\UotanToolbox\UotanToolbox.csproj]
D:\Source Code\UotanToolboxNT\UotanToolbox\Features\Home\HomeViewModel.cs(395,27): warning CS8602: 瑙ｅ紩鐢ㄥ彲鑳藉嚭鐜扮┖寮曠敤銆?[D:\Source Code\UotanToolboxNT\UotanToolbox\UotanToolbox.csproj]
D:\Source Code\UotanToolboxNT\UotanToolbox\Features\Wiredflash\SetMagiskDialogView.axaml.cs(27,29): warning CS8600: 灏?null 鏂囨湰鎴栧彲鑳界殑 null 鍊艰浆鎹负涓嶅彲涓?null 绫诲瀷銆?[D:\Source Code\UotanToolboxNT\UotanToolbox\UotanToolbox.csproj]
D:\Source Code\UotanToolboxNT\UotanToolbox\Features\Wiredflash\SetMagiskDialogView.axaml.cs(28,78): warning CS8602: 瑙ｅ紩鐢ㄥ彲鑳藉嚭鐜扮┖寮曠敤銆?[D:\Source Code\UotanToolboxNT\UotanToolbox\UotanToolbox.csproj]
D:\Source Code\UotanToolboxNT\UotanToolbox\Features\Scrcpy\ScrcpyView.axaml.cs(25,29): warning CS8600: 灏?null 鏂囨湰鎴栧彲鑳界殑 null 鍊艰浆鎹负涓嶅彲涓?null 绫诲瀷銆?[D:\Source Code\UotanToolboxNT\UotanToolbox\UotanToolbox.csproj]
D:\Source Code\UotanToolboxNT\UotanToolbox\Features\Scrcpy\ScrcpyView.axaml.cs(26,80): warning CS8602: 瑙ｅ紩鐢ㄥ彲鑳藉嚭鐜扮┖寮曠敤銆?[D:\Source Code\UotanToolboxNT\UotanToolbox\UotanToolbox.csproj]
D:\Source Code\UotanToolboxNT\UotanToolbox\Features\Scrcpy\ScrcpyView.axaml.cs(33,43): warning CS8604: 鈥渂ool FileHelper.TestPermission(string directoryPath)鈥濅腑鐨勫舰鍙傗€渄irectoryPath鈥濆彲鑳戒紶鍏?null 寮曠敤瀹炲弬銆?[D:\Source Code\UotanToolboxNT\UotanToolbox\UotanToolbox.csproj]
D:\Source Code\UotanToolboxNT\UotanToolbox\Features\Wiredflash\SetMagiskDialogView.axaml.cs(42,32): warning CS8601: 鍙兘鐨?null 寮曠敤璧嬪€笺€?[D:\Source Code\UotanToolboxNT\UotanToolbox\UotanToolbox.csproj]
D:\Source Code\UotanToolboxNT\UotanToolbox\Features\Wiredflash\SetMagiskDialogView.axaml.cs(43,26): warning CS8602: 瑙ｅ紩鐢ㄥ彲鑳藉嚭鐜扮┖寮曠敤銆?[D:\Source Code\UotanToolboxNT\UotanToolbox\UotanToolbox.csproj]
D:\Source Code\UotanToolboxNT\UotanToolbox\Features\Wiredflash\SetMagiskDialogView.axaml.cs(43,26): warning CS8601: 鍙兘鐨?null 寮曠敤璧嬪€笺€?[D:\Source Code\UotanToolboxNT\UotanToolbox\UotanToolbox.csproj]
D:\Source Code\UotanToolboxNT\UotanToolbox\Features\Wiredflash\SetVbmetaDialogView.axaml.cs(20,32): warning CS8602: 瑙ｅ紩鐢ㄥ彲鑳藉嚭鐜扮┖寮曠敤銆?[D:\Source Code\UotanToolboxNT\UotanToolbox\UotanToolbox.csproj]
D:\Source Code\UotanToolboxNT\UotanToolbox\Features\Wiredflash\SetVbmetaDialogView.axaml.cs(20,32): warning CS8601: 鍙兘鐨?null 寮曠敤璧嬪€笺€?[D:\Source Code\UotanToolboxNT\UotanToolbox\UotanToolbox.csproj]
D:\Source Code\UotanToolboxNT\UotanToolbox\Features\Settings\SettingsViewModel.cs(188,37): warning CS8600: 灏?null 鏂囨湰鎴栧彲鑳界殑 null 鍊艰浆鎹负涓嶅彲涓?null 绫诲瀷銆?[D:\Source Code\UotanToolboxNT\UotanToolbox\UotanToolbox.csproj]
D:\Source Code\UotanToolboxNT\UotanToolbox\Features\Settings\SettingsViewModel.cs(190,30): warning CS8602: 瑙ｅ紩鐢ㄥ彲鑳藉嚭鐜扮┖寮曠敤銆?[D:\Source Code\UotanToolboxNT\UotanToolbox\UotanToolbox.csproj]
D:\Source Code\UotanToolboxNT\UotanToolbox\Features\Modifypartition\ModifypartitionView.axaml.cs(234,63): warning CS8625: 鏃犳硶灏?null 瀛楅潰閲忚浆鎹负闈?null 鐨勫紩鐢ㄧ被鍨嬨€?[D:\Source Code\UotanToolboxNT\UotanToolbox\UotanToolbox.csproj]
D:\Source Code\UotanToolboxNT\UotanToolbox\Features\Modifypartition\ModifypartitionView.axaml.cs(234,69): warning CS8625: 鏃犳硶灏?null 瀛楅潰閲忚浆鎹负闈?null 鐨勫紩鐢ㄧ被鍨嬨€?[D:\Source Code\UotanToolboxNT\UotanToolbox\UotanToolbox.csproj]
D:\Source Code\UotanToolboxNT\UotanToolbox\Features\Modifypartition\ModifypartitionView.axaml.cs(234,81): warning CS8625: 鏃犳硶灏?null 瀛楅潰閲忚浆鎹负闈?null 鐨勫紩鐢ㄧ被鍨嬨€?[D:\Source Code\UotanToolboxNT\UotanToolbox\UotanToolbox.csproj]
D:\Source Code\UotanToolboxNT\UotanToolbox\Features\Modifypartition\ModifypartitionView.axaml.cs(234,101): warning CS8625: 鏃犳硶灏?null 瀛楅潰閲忚浆鎹负闈?null 鐨勫紩鐢ㄧ被鍨嬨€?[D:\Source Code\UotanToolboxNT\UotanToolbox\UotanToolbox.csproj]
D:\Source Code\UotanToolboxNT\UotanToolbox\Features\Modifypartition\ModifypartitionView.axaml.cs(252,25): warning CS8629: 鍙负 null 鐨勫€肩被鍨嬪彲涓?null銆?[D:\Source Code\UotanToolboxNT\UotanToolbox\UotanToolbox.csproj]
D:\Source Code\UotanToolboxNT\UotanToolbox\Features\Modifypartition\ModifypartitionView.axaml.cs(267,67): warning CS8625: 鏃犳硶灏?null 瀛楅潰閲忚浆鎹负闈?null 鐨勫紩鐢ㄧ被鍨嬨€?[D:\Source Code\UotanToolboxNT\UotanToolbox\UotanToolbox.csproj]
D:\Source Code\UotanToolboxNT\UotanToolbox\Features\Modifypartition\ModifypartitionView.axaml.cs(267,73): warning CS8625: 鏃犳硶灏?null 瀛楅潰閲忚浆鎹负闈?null 鐨勫紩鐢ㄧ被鍨嬨€?[D:\Source Code\UotanToolboxNT\UotanToolbox\UotanToolbox.csproj]
D:\Source Code\UotanToolboxNT\UotanToolbox\Features\Modifypartition\ModifypartitionView.axaml.cs(267,85): warning CS8625: 鏃犳硶灏?null 瀛楅潰閲忚浆鎹负闈?null 鐨勫紩鐢ㄧ被鍨嬨€?[D:\Source Code\UotanToolboxNT\UotanToolbox\UotanToolbox.csproj]
D:\Source Code\UotanToolboxNT\UotanToolbox\Features\Modifypartition\ModifypartitionView.axaml.cs(267,105): warning CS8625: 鏃犳硶灏?null 瀛楅潰閲忚浆鎹负闈?null 鐨勫紩鐢ㄧ被鍨嬨€?[D:\Source Code\UotanToolboxNT\UotanToolbox\UotanToolbox.csproj]
D:\Source Code\UotanToolboxNT\UotanToolbox\Features\Modifypartition\ModifypartitionView.axaml.cs(293,80): warning CS8625: 鏃犳硶灏?null 瀛楅潰閲忚浆鎹负闈?null 鐨勫紩鐢ㄧ被鍨嬨€?[D:\Source Code\UotanToolboxNT\UotanToolbox\UotanToolbox.csproj]
D:\Source Code\UotanToolboxNT\UotanToolbox\Features\Modifypartition\ModifypartitionView.axaml.cs(293,86): warning CS8625: 鏃犳硶灏?null 瀛楅潰閲忚浆鎹负闈?null 鐨勫紩鐢ㄧ被鍨嬨€?[D:\Source Code\UotanToolboxNT\UotanToolbox\UotanToolbox.csproj]
D:\Source Code\UotanToolboxNT\UotanToolbox\Features\Modifypartition\ModifypartitionView.axaml.cs(293,98): warning CS8625: 鏃犳硶灏?null 瀛楅潰閲忚浆鎹负闈?null 鐨勫紩鐢ㄧ被鍨嬨€?[D:\Source Code\UotanToolboxNT\UotanToolbox\UotanToolbox.csproj]
D:\Source Code\UotanToolboxNT\UotanToolbox\Features\Modifypartition\ModifypartitionView.axaml.cs(293,118): warning CS8625: 鏃犳硶灏?null 瀛楅潰閲忚浆鎹负闈?null 鐨勫紩鐢ㄧ被鍨嬨€?[D:\Source Code\UotanToolboxNT\UotanToolbox\UotanToolbox.csproj]
D:\Source Code\UotanToolboxNT\UotanToolbox\Features\Others\OthersView.axaml.cs(577,31): warning CS8600: 灏?null 鏂囨湰鎴栧彲鑳界殑 null 鍊艰浆鎹负涓嶅彲涓?null 绫诲瀷銆?[D:\Source Code\UotanToolboxNT\UotanToolbox\UotanToolbox.csproj]
D:\Source Code\UotanToolboxNT\UotanToolbox\Features\Others\OthersView.axaml.cs(624,31): warning CS8600: 灏?null 鏂囨湰鎴栧彲鑳界殑 null 鍊艰浆鎹负涓嶅彲涓?null 绫诲瀷銆?[D:\Source Code\UotanToolboxNT\UotanToolbox\UotanToolbox.csproj]
D:\Source Code\UotanToolboxNT\UotanToolbox\Features\Others\OthersView.axaml.cs(670,31): warning CS8600: 灏?null 鏂囨湰鎴栧彲鑳界殑 null 鍊艰浆鎹负涓嶅彲涓?null 绫诲瀷銆?[D:\Source Code\UotanToolboxNT\UotanToolbox\UotanToolbox.csproj]
D:\Source Code\UotanToolboxNT\UotanToolbox\Features\Others\OthersView.axaml.cs(716,31): warning CS8600: 灏?null 鏂囨湰鎴栧彲鑳界殑 null 鍊艰浆鎹负涓嶅彲涓?null 绫诲瀷銆?[D:\Source Code\UotanToolboxNT\UotanToolbox\UotanToolbox.csproj]
D:\Source Code\UotanToolboxNT\UotanToolbox\Features\Advancedflash\AdvancedflashView.axaml.cs(1235,36): warning CS8600: 灏?null 鏂囨湰鎴栧彲鑳界殑 null 鍊艰浆鎹负涓嶅彲涓?null 绫诲瀷銆?[D:\Source Code\UotanToolboxNT\UotanToolbox\UotanToolbox.csproj]
D:\Source Code\UotanToolboxNT\UotanToolbox\Features\Advancedflash\AdvancedflashView.axaml.cs(1262,59): warning CS8604: 鈥渟tring Path.Combine(string path1, string path2)鈥濅腑鐨勫舰鍙傗€減ath1鈥濆彲鑳戒紶鍏?null 寮曠敤瀹炲弬銆?[D:\Source Code\UotanToolboxNT\UotanToolbox\UotanToolbox.csproj]
D:\Source Code\UotanToolboxNT\UotanToolbox\Features\Advancedflash\AdvancedflashView.axaml.cs(1280,46): warning CS8600: 灏?null 鏂囨湰鎴栧彲鑳界殑 null 鍊艰浆鎹负涓嶅彲涓?null 绫诲瀷銆?[D:\Source Code\UotanToolboxNT\UotanToolbox\UotanToolbox.csproj]
D:\Source Code\UotanToolboxNT\UotanToolbox\Features\Advancedflash\AdvancedflashView.axaml.cs(1427,46): warning CS8600: 灏?null 鏂囨湰鎴栧彲鑳界殑 null 鍊艰浆鎹负涓嶅彲涓?null 绫诲瀷銆?[D:\Source Code\UotanToolboxNT\UotanToolbox\UotanToolbox.csproj]
D:\Source Code\UotanToolboxNT\UotanToolbox\Features/Customizedflash/FlashVbmetaDialogView.axaml : Avalonia warning AVLN3001: XAML resource "avares://UotanToolbox/Features/Customizedflash/FlashVbmetaDialogView.axaml" won't be reachable via runtime loader, as no public constructor was found [D:\Source Code\UotanToolboxNT\UotanToolbox\UotanToolbox.csproj]
    162 涓鍛?
    0 涓敊璇?

宸茬敤鏃堕棿 00:00:04.05
